Component: ARM Compiler 5.06 update 4 (build 422) Tool: armlink [4d35d2]

==============================================================================

Section Cross References

    main.o(.text) refers to _printf_percent.o(.ARM.Collect$$_printf_percent$$00000000) for _printf_percent
    main.o(.text) refers to _printf_d.o(.ARM.Collect$$_printf_percent$$00000009) for _printf_d
    main.o(.text) refers to _printf_dec.o(.text) for _printf_int_dec
    main.o(.text) refers to delay.o(.text) for delay_init
    main.o(.text) refers to misc.o(.text) for NVIC_PriorityGroupConfig
    main.o(.text) refers to myconf.o(.text) for All_Init
    main.o(.text) refers to gui.o(.text) for bootDisplay
    main.o(.text) refers to __2printf.o(.text) for __2printf
    main.o(.text) refers to dht11.o(.text) for DHT11_Init
    main.o(.text) refers to ws2812.o(.text) for SendOneFrame_stronge
    main.o(.text) refers to gizwits_protocol.o(.text) for gizwitsGetNTP
    main.o(.text) refers to mygui.o(.text) for displayOperation
    main.o(.text) refers to myconf.o(.data) for link_time
    main.o(.text) refers to main.o(.data) for zero
    system_stm32f10x.o(.text) refers to system_stm32f10x.o(.data) for SystemCoreClock
    myconf.o(.text) refers to _printf_percent.o(.ARM.Collect$$_printf_percent$$00000000) for _printf_percent
    myconf.o(.text) refers to _printf_d.o(.ARM.Collect$$_printf_percent$$00000009) for _printf_d
    myconf.o(.text) refers to _printf_dec.o(.text) for _printf_int_dec
    myconf.o(.text) refers to timer.o(.text) for TIM3_Int_Init
    myconf.o(.text) refers to usart3.o(.text) for usart3_init
    myconf.o(.text) refers to usart4.o(.text) for uart4_init
    myconf.o(.text) refers to gizwits_product.o(.text) for userInit
    myconf.o(.text) refers to gizwits_protocol.o(.text) for gizwitsInit
    myconf.o(.text) refers to led.o(.text) for LED_Init
    myconf.o(.text) refers to key.o(.text) for KEY_Init
    myconf.o(.text) refers to spi2.o(.text) for SPI2_Init
    myconf.o(.text) refers to bh1750.o(.text) for Init_BH1750
    myconf.o(.text) refers to oled.o(.text) for IIC_Init
    myconf.o(.text) refers to lcd_driver.o(.text) for Lcd_Init
    myconf.o(.text) refers to gui.o(.text) for Gui_DrawFont_GBK24
    myconf.o(.text) refers to __2printf.o(.text) for __2printf
    myconf.o(.text) refers to delay.o(.text) for delay_ms
    myconf.o(.text) refers to ws2812.o(.text) for SendOneFrame_sample
    myconf.o(.text) refers to dht11.o(.text) for DHT11_Read_Data
    myconf.o(.text) refers to myconf.o(.data) for key
    myconf.o(.text) refers to gizwits_product.o(.bss) for currentDataPoint
    myconf.o(.text) refers to mygui.o(.data) for cmd
    myconf.o(.text) refers to main.o(.data) for s2500
    myconf.o(.text) refers to __2sprintf.o(.text) for __2sprintf
    myconf.o(.text) refers to gizwits_protocol.o(.bss) for gizwitsProtocol
    led.o(.text) refers to stm32f10x_rcc.o(.text) for RCC_APB2PeriphClockCmd
    led.o(.text) refers to stm32f10x_gpio.o(.text) for GPIO_Init
    key.o(.text) refers to timer.o(.text) for TIM5_Int_Init
    key.o(.text) refers to stm32f10x_rcc.o(.text) for RCC_APB2PeriphClockCmd
    key.o(.text) refers to stm32f10x_gpio.o(.text) for GPIO_Init
    key.o(.text) refers to gizwits_product.o(.text) for gizGetTimerCount
    key.o(.text) refers to key.o(.data) for touch_time
    key.o(.text) refers to gizwits_product.o(.data) for irLastTimer2
    ws2812.o(.text) refers to _printf_percent.o(.ARM.Collect$$_printf_percent$$00000000) for _printf_percent
    ws2812.o(.text) refers to _printf_d.o(.ARM.Collect$$_printf_percent$$00000009) for _printf_d
    ws2812.o(.text) refers to _printf_dec.o(.text) for _printf_int_dec
    ws2812.o(.text) refers to stm32f10x_rcc.o(.text) for RCC_APB2PeriphClockCmd
    ws2812.o(.text) refers to stm32f10x_gpio.o(.text) for GPIO_Init
    ws2812.o(.text) refers to spi2.o(.text) for DMA1_Spi2_TX
    ws2812.o(.text) refers to __2printf.o(.text) for __2printf
    ws2812.o(.text) refers to ws2812.o(.data) for TX_buffer_res
    ws2812.o(.text) refers to mygui.o(.data) for Change_T_stronge
    spi2.o(.text) refers to stm32f10x_rcc.o(.text) for RCC_AHBPeriphClockCmd
    spi2.o(.text) refers to stm32f10x_dma.o(.text) for DMA_DeInit
    spi2.o(.text) refers to stm32f10x_spi.o(.text) for SPI_I2S_DMACmd
    spi2.o(.text) refers to stm32f10x_gpio.o(.text) for GPIO_Init
    mygui.o(.text) refers to __2printf.o(.text) for __2printf
    mygui.o(.text) refers to lcd_driver.o(.text) for Lcd_Clear
    mygui.o(.text) refers to gui.o(.text) for Gui_DrawFont_GBK24
    mygui.o(.text) refers to key.o(.text) for KEY_Scan
    mygui.o(.text) refers to ws2812.o(.text) for SendOneFrame_sample
    mygui.o(.text) refers to myconf.o(.text) for Communi_Interaction
    mygui.o(.text) refers to gizwits_product.o(.bss) for currentDataPoint
    mygui.o(.text) refers to mygui.o(.data) for valueLed_T_value_last
    mygui.o(.text) refers to main.o(.data) for s6100
[...]
    usart3_init                              0x0800306f   Thumb Code   190  usart3.o(.text)
    u3_printf                                0x0800312d   Thumb Code    72  usart3.o(.text)
    zigbee_check_cmd                         0x08003175   Thumb Code    44  usart3.o(.text)
    zigbee_send_cmd                          0x080031a1   Thumb Code    92  usart3.o(.text)
    zigbee_send_number                       0x080031fd   Thumb Code   100  usart3.o(.text)
    zigbee_recevice_cmd                      0x08003261   Thumb Code   124  usart3.o(.text)
    TIM7_IRQHandler                          0x08003325   Thumb Code    42  timer.o(.text)
    TIM7_Int_Init                            0x0800334f   Thumb Code    90  timer.o(.text)
    TIM3_Int_Init                            0x080033a9   Thumb Code    90  timer.o(.text)
    TIM3_IRQHandler                          0x08003403   Thumb Code    26  timer.o(.text)
    TIM5_Int_Init                            0x0800341d   Thumb Code    90  timer.o(.text)
    TIM5_IRQHandler                          0x08003477   Thumb Code    90  timer.o(.text)
    uart4_init                               0x080034f1   Thumb Code   146  usart4.o(.text)
    Uart4_Send                               0x08003583   Thumb Code    78  usart4.o(.text)
    DHT11_Rst                                0x080035d9   Thumb Code    52  dht11.o(.text)
    DHT11_Check                              0x0800360d   Thumb Code    96  dht11.o(.text)
    DHT11_Read_Bit                           0x0800366d   Thumb Code    76  dht11.o(.text)
    DHT11_Read_Byte                          0x080036b9   Thumb Code    30  dht11.o(.text)
    DHT11_Read_Data                          0x080036d7   Thumb Code    88  dht11.o(.text)
    DHT11_Init                               0x0800372f   Thumb Code    62  dht11.o(.text)
    GPIOConfig                               0x08003779   Thumb Code    38  bh1750.o(.text)
    Delay_5us                                0x0800379f   Thumb Code    32  bh1750.o(.text)
    Delay_mms                                0x080037bf   Thumb Code    32  bh1750.o(.text)
    BH1750_Start                             0x080037df   Thumb Code    44  bh1750.o(.text)
    BH1750_Stop                              0x0800380b   Thumb Code    36  bh1750.o(.text)
    BH1750_SendACK                           0x0800382f   Thumb Code    86  bh1750.o(.text)
    BH1750_RecvACK                           0x08003885   Thumb Code    96  bh1750.o(.text)
    BH1750_SendByte                          0x080038e5   Thumb Code    74  bh1750.o(.text)
    BH1750_RecvByte                          0x0800392f   Thumb Code   116  bh1750.o(.text)
    Single_Write_BH1750                      0x080039a3   Thumb Code    26  bh1750.o(.text)
    Init_BH1750                              0x080039bd   Thumb Code    20  bh1750.o(.text)
    mread                                    0x080039d1   Thumb Code    62  bh1750.o(.text)
    GY30_value                               0x08003a0f   Thumb Code    70  bh1750.o(.text)
    LCD_BGR2RGB                              0x08003a69   Thumb Code    26  gui.o(.text)
    Gui_Circle                               0x08003a83   Thumb Code   300  gui.o(.text)
    Gui_DrawLine                             0x08003baf   Thumb Code   186  gui.o(.text)
    Gui_box                                  0x08003c69   Thumb Code   188  gui.o(.text)
    Gui_box2                                 0x08003d25   Thumb Code   386  gui.o(.text)
    DisplayButtonDown                        0x08003ea7   Thumb Code   130  gui.o(.text)
    DisplayButtonUp                          0x08003f29   Thumb Code   130  gui.o(.text)
    Gui_DrawFont_GBK16                       0x08003fab   Thumb Code   394  gui.o(.text)
    Gui_DrawFont_GBK24                       0x08004135   Thumb Code   486  gui.o(.text)
    Gui_DrawFont_Num32                       0x0800431b   Thumb Code   124  gui.o(.text)
    bootDisplay                              0x08004409   Thumb Code    46  gui.o(.text)
    Gui_DrawFont_GBK16_val                   0x08004437   Thumb Code   416  gui.o(.text)
    LCD_GPIO_Init                            0x080045f1   Thumb Code    40  lcd_driver.o(.text)
    SPI_WriteData                            0x08004619   Thumb Code    62  lcd_driver.o(.text)
    Lcd_WriteIndex                           0x08004657   Thumb Code    36  lcd_driver.o(.text)
    Lcd_WriteData                            0x0800467b   Thumb Code    38  lcd_driver.o(.text)
    LCD_WriteData_16Bit                      0x080046a1   Thumb Code    44  lcd_driver.o(.text)
    Lcd_WriteReg                             0x080046cd   Thumb Code    20  lcd_driver.o(.text)
    Lcd_Reset                                0x080046e1   Thumb Code    36  lcd_driver.o(.text)
    Lcd_SetRegion                            0x08004705   Thumb Code    86  lcd_driver.o(.text)
    Lcd_Clear                                0x0800475b   Thumb Code    50  lcd_driver.o(.text)
    Lcd_Init                                 0x0800478d   Thumb Code   564  lcd_driver.o(.text)
    Lcd_SetXY                                0x080049c1   Thumb Code    20  lcd_driver.o(.text)
    Gui_DrawPoint                            0x080049d5   Thumb Code    36  lcd_driver.o(.text)
    Lcd_ReadPoint                            0x080049f9   Thumb Code    24  lcd_driver.o(.text)
    IIC_Init                                 0x08004a11   Thumb Code    38  oled.o(.text)
    OLED_IIC_Start                           0x08004a37   Thumb Code    40  oled.o(.text)
    OLED_IIC_Stop                            0x08004a5f   Thumb Code    42  oled.o(.text)
    Write_IIC_Byte                           0x08004a89   Thumb Code    86  oled.o(.text)
    OLED_WrDat                               0x08004adf   Thumb Code    32  oled.o(.text)
    OLED_WrCmd                               0x08004aff   Thumb Code    32  oled.o(.text)
    OLED_Set_Pos                             0x08004b1f   Thumb Code    40  oled.o(.text)
    OLED_Fill                                0x08004b47   Thumb Code    58  oled.o(.text)
    OLED_CLS                                 0x08004b81   Thumb Code    56  oled.o(.text)
    OLED_OFF                                 0x08004bb9   Thumb Code    22  oled.o(.text)
    OLED_ON                                  0x08004bcf   Thumb Code    22  oled.o(.text)
    OLED_Init                                0x08004be5   Thumb Code   194  oled.o(.text)
    oled_pow                                 0x08004ca7   Thumb Code    22  oled.o(.text)
    OLED_ShowChar                            0x08004cbd   Thumb Code    76  oled.o(.text)
    OLED_ShowNum                             0x08004d09   Thumb Code   132  oled.o(.text)
    OLED_P6x8Str                             0x08004d8d   Thumb Code    96  oled.o(.text)
    OLED_P8x16Str                            0x08004ded   Thumb Code   146  oled.o(.text)
    OLED_P16x16Ch                            0x08004e7f   Thumb Code    80  oled.o(.text)
    OLED_P16x32Ch                            0x08004ecf   Thumb Code   144  oled.o(.text)
    OLED_P32x32Ch                            0x08004f5f   Thumb Code   144  oled.o(.text)
    OLED_P128x48Ch                           0x08004fef   Thumb Code   212  oled.o(.text)
    OLED_P128x64Ch                           0x080050c3   Thumb Code     2  oled.o(.text)
    Draw_BMP                                 0x080050c5   Thumb Code   116  oled.o(.text)
    delay_init                               0x0800514d   Thumb Code    50  delay.o(.text)
    delay_us                                 0x0800517f   Thumb Code    72  delay.o(.text)
    delay_ms                                 0x080051c7   Thumb Code    72  delay.o(.text)
    _sys_exit                                0x08005221   Thumb Code     4  usart.o(.text)
    fputc                                    0x08005225   Thumb Code    24  usart.o(.text)
    uart_init                                0x0800523d   Thumb Code   152  usart.o(.text)
    USART1_IRQHandler                        0x080052d5   Thumb Code    34  usart.o(.text)
    Reset_Handler                            0x08005301   Thumb Code     8  startup_stm32f10x_hd.o(.text)
    ADC1_2_IRQHandler                        0x0800531b   Thumb Code     0  startup_stm32f10x_hd.o(.text)
    ADC3_IRQHandler                          0x0800531b   Thumb Code     0  startup_stm32f10x_hd.o(.text)
    CAN1_RX1_IRQHandler                      0x0800531b   Thumb Code     0  startup_stm32f10x_hd.o(.text)
    CAN1_SCE_IRQHandler                      0x0800531b   Thumb Code     0  startup_stm32f10x_hd.o(.text)
    DMA1_Channel1_IRQHandler                 0x0800531b   Thumb Code     0  startup_stm32f10x_hd.o(.text)
    DMA1_Channel2_IRQHandler                 0x0800531b   Thumb Code     0  startup_stm32f10x_hd.o(.text)
    DMA1_Channel3_IRQHandler                 0x0800531b   Thumb Code     0  startup_stm32f10x_hd.o(.text)
    DMA1_Channel4_IRQHandler                 0x0800531b   Thumb Code     0  startup_stm32f10x_hd.o(.text)
    DMA1_Channel5_IRQHandler                 0x0800531b   Thumb Code     0  startup_stm32f10x_hd.o(.text)
    DMA1_Channel6_IRQHandler                 0x0800531b   Thumb Code     0  startup_stm32f10x_hd.o(.text)
    DMA1_Channel7_IRQHandler                 0x0800531b   Thumb Code     0  startup_stm32f10x_hd.o(.text)
    DMA2_Channel1_IRQHandler                 0x0800531b   Thumb Code     0  startup_stm32f10x_hd.o(.text)
    DMA2_Channel2_IRQHandler                 0x0800531b   Thumb Code     0  startup_stm32f10x_hd.o(.text)
    DMA2_Channel3_IRQHandler                 0x0800531b   Thumb Code     0  startup_stm32f10x_hd.o(.text)
    DMA2_Channel4_5_IRQHandler               0x0800531b   Thumb Code     0  startup_stm32f10x_hd.o(.text)
    EXTI0_IRQHandler                         0x0800531b   Thumb Code     0  startup_stm32f10x_hd.o(.text)
    EXTI15_10_IRQHandler                     0x0800531b   Thumb Code     0  startup_stm32f10x_hd.o(.text)
    EXTI1_IRQHandler                         0x0800531b   Thumb Code     0  startup_stm32f10x_hd.o(.text)
    EXTI3_IRQHandler                         0x0800531b   Thumb Code     0  startup_stm32f10x_hd.o(.text)
    EXTI4_IRQHandler                         0x0800531b   Thumb Code     0  startup_stm32f10x_hd.o(.text)
    EXTI9_5_IRQHandler                       0x0800531b   Thumb Code     0  startup_stm32f10x_hd.o(.text)
    FLASH_IRQHandler                         0x0800531b   Thumb Code     0  startup_stm32f10x_hd.o(.text)
    FSMC_IRQHandler                          0x0800531b   Thumb Code     0  startup_stm32f10x_hd.o(.text)
    I2C1_ER_IRQHandler                       0x0800531b   Thumb Code     0  startup_stm32f10x_hd.o(.text)
    I2C1_EV_IRQHandler                       0x0800531b   Thumb Code     0  startup_stm32f10x_hd.o(.text)
    I2C2_ER_IRQHandler                       0x0800531b   Thumb Code     0  startup_stm32f10x_hd.o(.text)
    I2C2_EV_IRQHandler                       0x0800531b   Thumb Code     0  startup_stm32f10x_hd.o(.text)
    PVD_IRQHandler                           0x0800531b   Thumb Code     0  startup_stm32f10x_hd.o(.text)
    RCC_IRQHandler                           0x0800531b   Thumb Code     0  startup_stm32f10x_hd.o(.text)
    RTCAlarm_IRQHandler                      0x0800531b   Thumb Code     0  startup_stm32f10x_hd.o(.text)
    RTC_IRQHandler                           0x0800531b   Thumb Code     0  startup_stm32f10x_hd.o(.text)
    SDIO_IRQHandler                          0x0800531b   Thumb Code     0  startup_stm32f10x_hd.o(.text)
    SPI1_IRQHandler                          0x0800531b   Thumb Code     0  startup_stm32f10x_hd.o(.text)
    SPI2_IRQHandler                          0x0800531b   Thumb Code     0  startup_stm32f10x_hd.o(.text)
    SPI3_IRQHandler                          0x0800531b   Thumb Code     0  startup_stm32f10x_hd.o(.text)
    TAMPER_IRQHandler                        0x0800531b   Thumb Code     0  startup_stm32f10x_hd.o(.text)
    TIM1_BRK_IRQHandler                      0x0800531b   Thumb Code     0  startup_stm32f10x_hd.o(.text)
    TIM1_CC_IRQHandler                       0x0800531b   Thumb Code     0  startup_stm32f10x_hd.o(.text)
    TIM1_TRG_COM_IRQHandler                  0x0800531b   Thumb Code     0  startup_stm32f10x_hd.o(.text)
    TIM1_UP_IRQHandler                       0x0800531b   Thumb Code     0  startup_stm32f10x_hd.o(.text)
    TIM2_IRQHandler                          0x0800531b   Thumb Code     0  startup_stm32f10x_hd.o(.text)
    TIM6_IRQHandler                          0x0800531b   Thumb Code     0  startup_stm32f10x_hd.o(.text)
    TIM8_BRK_IRQHandler                      0x0800531b   Thumb Code     0  startup_stm32f10x_hd.o(.text)
    TIM8_CC_IRQHandler                       0x0800531b   Thumb Code     0  startup_stm32f10x_hd.o(.text)
    TIM8_TRG_COM_IRQHandler                  0x0800531b   Thumb Code     0  startup_stm32f10x_hd.o(.text)
    TIM8_UP_IRQHandler                       0x0800531b   Thumb Code     0  startup_stm32f10x_hd.o(.text)
    UART4_IRQHandler                         0x0800531b   Thumb Code     0  startup_stm32f10x_hd.o(.text)
    UART5_IRQHandler                         0x0800531b   Thumb Code     0  startup_stm32f10x_hd.o(.text)
    USBWakeUp_IRQHandler                     0x0800531b   Thumb Code     0  startup_stm32f10x_hd.o(.text)
    USB_HP_CAN1_TX_IRQHandler                0x0800531b   Thumb Code     0  startup_stm32f10x_hd.o(.text)
    USB_LP_CAN1_RX0_IRQHandler               0x0800531b   Thumb Code     0  startup_stm32f10x_hd.o(.text)
    WWDG_IRQHandler                          0x0800531b   Thumb Code     0  startup_stm32f10x_hd.o(.text)
    __user_initial_stackheap                 0x0800531d   Thumb Code     0  startup_stm32f10x_hd.o(.text)
    NVIC_PriorityGroupConfig                 0x08005341   Thumb Code    10  misc.o(.text)
    NVIC_Init                                0x0800534b   Thumb Code   100  misc.o(.text)
    NVIC_SetVectorTable                      0x080053af   Thumb Code    14  misc.o(.text)
    NVIC_SystemLPConfig                      0x080053bd   Thumb Code    34  misc.o(.text)
    SysTick_CLKSourceConfig                  0x080053df   Thumb Code    40  misc.o(.text)
    GPIO_DeInit                              0x0800541d   Thumb Code   172  stm32f10x_gpio.o(.text)
    GPIO_AFIODeInit                          0x080054c9   Thumb Code    20  stm32f10x_gpio.o(.text)
    GPIO_Init                                0x080054dd   Thumb Code   278  stm32f10x_gpio.o(.text)
    GPIO_StructInit                          0x080055f3   Thumb Code    16  stm32f10x_gpio.o(.text)
    GPIO_ReadInputDataBit                    0x08005603   Thumb Code    18  stm32f10x_gpio.o(.text)
    GPIO_ReadInputData                       0x08005615   Thumb Code     8  stm32f10x_gpio.o(.text)
    GPIO_ReadOutputDataBit                   0x0800561d   Thumb Code    18  stm32f10x_gpio.o(.text)
    GPIO_ReadOutputData                      0x0800562f   Thumb Code     8  stm32f10x_gpio.o(.text)
    GPIO_SetBits                             0x08005637   Thumb Code     4  stm32f10x_gpio.o(.text)
    GPIO_ResetBits                           0x0800563b   Thumb Code     4  stm32f10x_gpio.o(.text)
    GPIO_WriteBit                            0x0800563f   Thumb Code    10  stm32f10x_gpio.o(.text)
    GPIO_Write                               0x08005649   Thumb Code     4  stm32f10x_gpio.o(.text)
    GPIO_PinLockConfig                       0x0800564d   Thumb Code    18  stm32f10x_gpio.o(.text)
    GPIO_EventOutputConfig                   0x0800565f   Thumb Code    26  stm32f10x_gpio.o(.text)
    GPIO_EventOutputCmd                      0x08005679   Thumb Code     6  stm32f10x_gpio.o(.text)
    GPIO_PinRemapConfig                      0x0800567f   Thumb Code   138  stm32f10x_gpio.o(.text)
    GPIO_EXTILineConfig                      0x08005709   Thumb Code    66  stm32f10x_gpio.o(.text)
    GPIO_ETH_MediaInterfaceConfig            0x0800574b   Thumb Code     8  stm32f10x_gpio.o(.text)
    RCC_DeInit                               0x08005779   Thumb Code    64  stm32f10x_rcc.o(.text)
    RCC_HSEConfig                            0x080057b9   Thumb Code    70  stm32f10x_rcc.o(.text)
    RCC_GetFlagStatus                        0x080057ff   Thumb Code    56  stm32f10x_rcc.o(.text)
    RCC_WaitForHSEStartUp                    0x08005837   Thumb Code    56  stm32f10x_rcc.o(.text)
    RCC_AdjustHSICalibrationValue            0x0800586f   Thumb Code    20  stm32f10x_rcc.o(.text)
    RCC_HSICmd                               0x08005883   Thumb Code     6  stm32f10x_rcc.o(.text)
    RCC_PLLConfig                            0x08005889   Thumb Code    24  stm32f10x_rcc.o(.text)
    RCC_PLLCmd                               0x080058a1   Thumb Code     6  stm32f10x_rcc.o(.text)
    RCC_SYSCLKConfig                         0x080058a7   Thumb Code    18  stm32f10x_rcc.o(.text)
    RCC_GetSYSCLKSource                      0x080058b9   Thumb Code    10  stm32f10x_rcc.o(.text)
    RCC_HCLKConfig                           0x080058c3   Thumb Code    18  stm32f10x_rcc.o(.text)
    RCC_PCLK1Config                          0x080058d5   Thumb Code    18  stm32f10x_rcc.o(.text)
    RCC_PCLK2Config                          0x080058e7   Thumb Code    20  stm32f10x_rcc.o(.text)
    RCC_ITConfig                             0x080058fb   Thumb Code    26  stm32f10x_rcc.o(.text)
    RCC_USBCLKConfig                         0x08005915   Thumb Code     8  stm32f10x_rcc.o(.text)
    RCC_ADCCLKConfig                         0x0800591d   Thumb Code    18  stm32f10x_rcc.o(.text)
    RCC_LSEConfig                            0x0800592f   Thumb Code    50  stm32f10x_rcc.o(.text)
    RCC_LSICmd                               0x08005961   Thumb Code     6  stm32f10x_rcc.o(.text)
    RCC_RTCCLKConfig                         0x08005967   Thumb Code    12  stm32f10x_rcc.o(.text)
    RCC_RTCCLKCmd                            0x08005973   Thumb Code     8  stm32f10x_rcc.o(.text)
    RCC_GetClocksFreq                        0x0800597b   Thumb Code   192  stm32f10x_rcc.o(.text)
    RCC_AHBPeriphClockCmd                    0x08005a3b   Thumb Code    26  stm32f10x_rcc.o(.text)
    RCC_APB2PeriphClockCmd                   0x08005a55   Thumb Code    26  stm32f10x_rcc.o(.text)
    RCC_APB1PeriphClockCmd                   0x08005a6f   Thumb Code    26  stm32f10x_rcc.o(.text)
    RCC_APB2PeriphResetCmd                   0x08005a89   Thumb Code    26  stm32f10x_rcc.o(.text)
    RCC_APB1PeriphResetCmd                   0x08005aa3   Thumb Code    26  stm32f10x_rcc.o(.text)
    RCC_BackupResetCmd                       0x08005abd   Thumb Code     8  stm32f10x_rcc.o(.text)
    RCC_ClockSecuritySystemCmd               0x08005ac5   Thumb Code     6  stm32f10x_rcc.o(.text)
    RCC_MCOConfig                            0x08005acb   Thumb Code     6  stm32f10x_rcc.o(.text)
    RCC_ClearFlag                            0x08005ad1   Thumb Code    14  stm32f10x_rcc.o(.text)
    RCC_GetITStatus                          0x08005adf   Thumb Code    20  stm32f10x_rcc.o(.text)
    RCC_ClearITPendingBit                    0x08005af3   Thumb Code     6  stm32f10x_rcc.o(.text)
    USART_DeInit                             0x08005b1d   Thumb Code   134  stm32f10x_usart.o(.text)
    USART_Init                               0x08005ba3   Thumb Code   210  stm32f10x_usart.o(.text)
    USART_StructInit                         0x08005c75   Thumb Code    24  stm32f10x_usart.o(.text)
    USART_ClockInit                          0x08005c8d   Thumb Code    34  stm32f10x_usart.o(.text)
    USART_ClockStructInit                    0x08005caf   Thumb Code    12  stm32f10x_usart.o(.text)
    USART_Cmd                                0x08005cbb   Thumb Code    24  stm32f10x_usart.o(.text)
    USART_ITConfig                           0x08005cd3   Thumb Code    74  stm32f10x_usart.o(.text)
    USART_DMACmd                             0x08005d1d   Thumb Code    18  stm32f10x_usart.o(.text)
    USART_SetAddress                         0x08005d2f   Thumb Code    18  stm32f10x_usart.o(.text)
    USART_WakeUpConfig                       0x08005d41   Thumb Code    18  stm32f10x_usart.o(.text)
    USART_ReceiverWakeUpCmd                  0x08005d53   Thumb Code    24  stm32f10x_usart.o(.text)
    USART_LINBreakDetectLengthConfig         0x08005d6b   Thumb Code    18  stm32f10x_usart.o(.text)
    USART_LINCmd                             0x08005d7d   Thumb Code    24  stm32f10x_usart.o(.text)
    USART_SendData                           0x08005d95   Thumb Code     8  stm32f10x_usart.o(.text)
    USART_ReceiveData                        0x08005d9d   Thumb Code    10  stm32f10x_usart.o(.text)
    USART_SendBreak                          0x08005da7   Thumb Code    10  stm32f10x_usart.o(.text)
    USART_SetGuardTime                       0x08005db1   Thumb Code    16  stm32f10x_usart.o(.text)
    USART_SetPrescaler                       0x08005dc1   Thumb Code    16  stm32f10x_usart.o(.text)
    USART_SmartCardCmd                       0x08005dd1   Thumb Code    24  stm32f10x_usart.o(.text)
    USART_SmartCardNACKCmd                   0x08005de9   Thumb Code    24  stm32f10x_usart.o(.text)
    USART_HalfDuplexCmd                      0x08005e01   Thumb Code    24  stm32f10x_usart.o(.text)
    USART_OverSampling8Cmd                   0x08005e19   Thumb Code    22  stm32f10x_usart.o(.text)
    USART_OneBitMethodCmd                    0x08005e2f   Thumb Code    24  stm32f10x_usart.o(.text)
    USART_IrDAConfig                         0x08005e47   Thumb Code    18  stm32f10x_usart.o(.text)
    USART_IrDACmd                            0x08005e59   Thumb Code    24  stm32f10x_usart.o(.text)
    USART_GetFlagStatus                      0x08005e71   Thumb Code    26  stm32f10x_usart.o(.text)
    USART_ClearFlag                          0x08005e8b   Thumb Code    18  stm32f10x_usart.o(.text)
    USART_GetITStatus                        0x08005e9d   Thumb Code    84  stm32f10x_usart.o(.text)
    USART_ClearITPendingBit                  0x08005ef1   Thumb Code    52  stm32f10x_usart.o(.text)
    DMA_DeInit                               0x08005f25   Thumb Code   324  stm32f10x_dma.o(.text)
    DMA_Init                                 0x08006069   Thumb Code    60  stm32f10x_dma.o(.text)
    DMA_StructInit                           0x080060a5   Thumb Code    26  stm32f10x_dma.o(.text)
    DMA_Cmd                                  0x080060bf   Thumb Code    24  stm32f10x_dma.o(.text)
    DMA_ITConfig                             0x080060d7   Thumb Code    18  stm32f10x_dma.o(.text)
    DMA_SetCurrDataCounter                   0x080060e9   Thumb Code     4  stm32f10x_dma.o(.text)
    DMA_GetCurrDataCounter                   0x080060ed   Thumb Code     8  stm32f10x_dma.o(.text)
    DMA_GetFlagStatus                        0x080060f5   Thumb Code    40  stm32f10x_dma.o(.text)
    DMA_ClearFlag                            0x0800611d   Thumb Code    22  stm32f10x_dma.o(.text)
    DMA_GetITStatus                          0x08006133   Thumb Code    40  stm32f10x_dma.o(.text)
    DMA_ClearITPendingBit                    0x0800615b   Thumb Code    22  stm32f10x_dma.o(.text)
    SPI_I2S_DeInit                           0x08006179   Thumb Code    76  stm32f10x_spi.o(.text)
    SPI_Init                                 0x080061c5   Thumb Code    60  stm32f10x_spi.o(.text)
    I2S_Init                                 0x08006201   Thumb Code   226  stm32f10x_spi.o(.text)
    SPI_StructInit                           0x080062e3   Thumb Code    24  stm32f10x_spi.o(.text)
    I2S_StructInit                           0x080062fb   Thumb Code    20  stm32f10x_spi.o(.text)
    SPI_Cmd                                  0x0800630f   Thumb Code    24  stm32f10x_spi.o(.text)
    I2S_Cmd                                  0x08006327   Thumb Code    24  stm32f10x_spi.o(.text)
    SPI_I2S_ITConfig                         0x0800633f   Thumb Code    32  stm32f10x_spi.o(.text)
    SPI_I2S_DMACmd                           0x0800635f   Thumb Code    18  stm32f10x_spi.o(.text)
    SPI_I2S_SendData                         0x08006371   Thumb Code     4  stm32f10x_spi.o(.text)
    SPI_I2S_ReceiveData                      0x08006375   Thumb Code     6  stm32f10x_spi.o(.text)
    SPI_NSSInternalSoftwareConfig            0x0800637b   Thumb Code    30  stm32f10x_spi.o(.text)
    SPI_SSOutputCmd                          0x08006399   Thumb Code    24  stm32f10x_spi.o(.text)
    SPI_DataSizeConfig                       0x080063b1   Thumb Code    18  stm32f10x_spi.o(.text)
    SPI_TransmitCRC                          0x080063c3   Thumb Code    10  stm32f10x_spi.o(.text)
    SPI_CalculateCRC                         0x080063cd   Thumb Code    24  stm32f10x_spi.o(.text)
    SPI_GetCRC                               0x080063e5   Thumb Code    16  stm32f10x_spi.o(.text)
    SPI_GetCRCPolynomial                     0x080063f5   Thumb Code     6  stm32f10x_spi.o(.text)
    SPI_BiDirectionalLineConfig              0x080063fb   Thumb Code    28  stm32f10x_spi.o(.text)
    SPI_I2S_GetFlagStatus                    0x08006417   Thumb Code    18  stm32f10x_spi.o(.text)
    SPI_I2S_ClearFlag                        0x08006429   Thumb Code     6  stm32f10x_spi.o(.text)
    SPI_I2S_GetITStatus                      0x0800642f   Thumb Code    52  stm32f10x_spi.o(.text)
    SPI_I2S_ClearITPendingBit                0x08006463   Thumb Code    20  stm32f10x_spi.o(.text)
    EXTI_DeInit                              0x08006485   Thumb Code    28  stm32f10x_exti.o(.text)
    EXTI_Init                                0x080064a1   Thumb Code   142  stm32f10x_exti.o(.text)
    EXTI_StructInit                          0x0800652f   Thumb Code    16  stm32f10x_exti.o(.text)
    EXTI_GenerateSWInterrupt                 0x0800653f   Thumb Code    16  stm32f10x_exti.o(.text)
    EXTI_GetFlagStatus                       0x0800654f   Thumb Code    22  stm32f10x_exti.o(.text)
    EXTI_ClearFlag                           0x08006565   Thumb Code     8  stm32f10x_exti.o(.text)
    EXTI_GetITStatus                         0x0800656d   Thumb Code    34  stm32f10x_exti.o(.text)
    EXTI_ClearITPendingBit                   0x0800658f   Thumb Code     8  stm32f10x_exti.o(.text)
    TIM_DeInit                               0x080065a1   Thumb Code   424  stm32f10x_tim.o(.text)
    TIM_TimeBaseInit                         0x08006749   Thumb Code   122  stm32f10x_tim.o(.text)
    TIM_OC1Init                              0x080067c3   Thumb Code   132  stm32f10x_tim.o(.text)
    TIM_OC2Init                              0x08006847   Thumb Code   154  stm32f10x_tim.o(.text)
    TIM_OC3Init                              0x080068e1   Thumb Code   150  stm32f10x_tim.o(.text)
    TIM_OC4Init                              0x08006977   Thumb Code   182  stm32f10x_tim.o(.text)
    TIM_SetIC4Prescaler                      0x08006a2d   Thumb Code    26  stm32f10x_tim.o(.text)
    TIM_SetIC3Prescaler                      0x08006ac9   Thumb Code    18  stm32f10x_tim.o(.text)
    TIM_SetIC2Prescaler                      0x08006b55   Thumb Code    26  stm32f10x_tim.o(.text)
    TIM_SetIC1Prescaler                      0x08006bf1   Thumb Code    18  stm32f10x_tim.o(.text)
    TIM_ICInit                               0x08006c6f   Thumb Code   150  stm32f10x_tim.o(.text)
    TIM_PWMIConfig                           0x08006d05   Thumb Code   124  stm32f10x_tim.o(.text)
    TIM_BDTRConfig                           0x08006d81   Thumb Code    32  stm32f10x_tim.o(.text)
    TIM_TimeBaseStructInit                   0x08006da1   Thumb Code    18  stm32f10x_tim.o(.text)
    TIM_OCStructInit                         0x08006db3   Thumb Code    20  stm32f10x_tim.o(.text)
    TIM_ICStructInit                         0x08006dc7   Thumb Code    18  stm32f10x_tim.o(.text)
    TIM_BDTRStructInit                       0x08006dd9   Thumb Code    40  stm32f10x_tim.o(.text)
    TIM_Cmd                                  0x08006e01   Thumb Code    24  stm32f10x_tim.o(.text)
    TIM_CtrlPWMOutputs                       0x08006e19   Thumb Code    30  stm32f10x_tim.o(.text)
    TIM_ITConfig                             0x08006e37   Thumb Code    18  stm32f10x_tim.o(.text)
    TIM_GenerateEvent                        0x08006e49   Thumb Code     4  stm32f10x_tim.o(.text)
    TIM_DMAConfig                            0x08006e4d   Thumb Code    10  stm32f10x_tim.o(.text)
    TIM_DMACmd                               0x08006e57   Thumb Code    18  stm32f10x_tim.o(.text)
    TIM_InternalClockConfig                  0x08006e69   Thumb Code    12  stm32f10x_tim.o(.text)
    TIM_SelectInputTrigger                   0x08006e75   Thumb Code    18  stm32f10x_tim.o(.text)
    TIM_ITRxExternalClockConfig              0x08006e87   Thumb Code    24  stm32f10x_tim.o(.text)
    TIM_TIxExternalClockConfig               0x08006e9f   Thumb Code    62  stm32f10x_tim.o(.text)
    TIM_ETRConfig                            0x08006edd   Thumb Code    28  stm32f10x_tim.o(.text)
    TIM_ETRClockMode1Config                  0x08006ef9   Thumb Code    54  stm32f10x_tim.o(.text)
    TIM_ETRClockMode2Config                  0x08006f2f   Thumb Code    32  stm32f10x_tim.o(.text)
    TIM_PrescalerConfig                      0x08006f4f   Thumb Code     6  stm32f10x_tim.o(.text)
    TIM_CounterModeConfig                    0x08006f55   Thumb Code    18  stm32f10x_tim.o(.text)
    TIM_EncoderInterfaceConfig               0x08006f67   Thumb Code    66  stm32f10x_tim.o(.text)
    TIM_ForcedOC1Config                      0x08006fa9   Thumb Code    18  stm32f10x_tim.o(.text)
    TIM_ForcedOC2Config                      0x08006fbb   Thumb Code    26  stm32f10x_tim.o(.text)
    TIM_ForcedOC3Config                      0x08006fd5   Thumb Code    18  stm32f10x_tim.o(.text)
    TIM_ForcedOC4Config                      0x08006fe7   Thumb Code    26  stm32f10x_tim.o(.text)
    TIM_ARRPreloadConfig                     0x08007001   Thumb Code    24  stm32f10x_tim.o(.text)
    TIM_SelectCOM                            0x08007019   Thumb Code    24  stm32f10x_tim.o(.text)
    TIM_SelectCCDMA                          0x08007031   Thumb Code    24  stm32f10x_tim.o(.text)
    TIM_CCPreloadControl                     0x08007049   Thumb Code    24  stm32f10x_tim.o(.text)
    TIM_OC1PreloadConfig                     0x08007061   Thumb Code    18  stm32f10x_tim.o(.text)
    TIM_OC2PreloadConfig                     0x08007073   Thumb Code    26  stm32f10x_tim.o(.text)
    TIM_OC3PreloadConfig                     0x0800708d   Thumb Code    18  stm32f10x_tim.o(.text)
    TIM_OC4PreloadConfig                     0x0800709f   Thumb Code    26  stm32f10x_tim.o(.text)
    TIM_OC1FastConfig                        0x080070b9   Thumb Code    18  stm32f10x_tim.o(.text)
    TIM_OC2FastConfig                        0x080070cb   Thumb Code    26  stm32f10x_tim.o(.text)
    TIM_OC3FastConfig                        0x080070e5   Thumb Code    18  stm32f10x_tim.o(.text)
    TIM_OC4FastConfig                        0x080070f7   Thumb Code    26  stm32f10x_tim.o(.text)
    TIM_ClearOC1Ref                          0x08007111   Thumb Code    18  stm32f10x_tim.o(.text)
    TIM_ClearOC2Ref                          0x08007123   Thumb Code    24  stm32f10x_tim.o(.text)
    TIM_ClearOC3Ref                          0x0800713b   Thumb Code    18  stm32f10x_tim.o(.text)
    TIM_ClearOC4Ref                          0x0800714d   Thumb Code    24  stm32f10x_tim.o(.text)
    TIM_OC1PolarityConfig                    0x08007165   Thumb Code    18  stm32f10x_tim.o(.text)
    TIM_OC1NPolarityConfig                   0x08007177   Thumb Code    18  stm32f10x_tim.o(.text)
    TIM_OC2PolarityConfig                    0x08007189   Thumb Code    26  stm32f10x_tim.o(.text)
    TIM_OC2NPolarityConfig                   0x080071a3   Thumb Code    26  stm32f10x_tim.o(.text)
    TIM_OC3PolarityConfig                    0x080071bd   Thumb Code    26  stm32f10x_tim.o(.text)
    TIM_OC3NPolarityConfig                   0x080071d7   Thumb Code    26  stm32f10x_tim.o(.text)
    TIM_OC4PolarityConfig                    0x080071f1   Thumb Code    26  stm32f10x_tim.o(.text)
    TIM_CCxCmd                               0x0800720b   Thumb Code    30  stm32f10x_tim.o(.text)
    TIM_CCxNCmd                              0x08007229   Thumb Code    30  stm32f10x_tim.o(.text)
    TIM_SelectOCxM                           0x08007247   Thumb Code    82  stm32f10x_tim.o(.text)
    TIM_UpdateDisableConfig                  0x08007299   Thumb Code    24  stm32f10x_tim.o(.text)
    TIM_UpdateRequestConfig                  0x080072b1   Thumb Code    24  stm32f10x_tim.o(.text)
    TIM_SelectHallSensor                     0x080072c9   Thumb Code    24  stm32f10x_tim.o(.text)
    TIM_SelectOnePulseMode                   0x080072e1   Thumb Code    18  stm32f10x_tim.o(.text)
    TIM_SelectOutputTrigger                  0x080072f3   Thumb Code    18  stm32f10x_tim.o(.text)
    TIM_SelectSlaveMode                      0x08007305   Thumb Code    18  stm32f10x_tim.o(.text)
    TIM_SelectMasterSlaveMode                0x08007317   Thumb Code    18  stm32f10x_tim.o(.text)
    TIM_SetCounter                           0x08007329   Thumb Code     4  stm32f10x_tim.o(.text)
    TIM_SetAutoreload                        0x0800732d   Thumb Code     4  stm32f10x_tim.o(.text)
    TIM_SetCompare1                          0x08007331   Thumb Code     4  stm32f10x_tim.o(.text)
    TIM_SetCompare2                          0x08007335   Thumb Code     4  stm32f10x_tim.o(.text)
    TIM_SetCompare3                          0x08007339   Thumb Code     4  stm32f10x_tim.o(.text)
    TIM_SetCompare4                          0x0800733d   Thumb Code     6  stm32f10x_tim.o(.text)
    TIM_SetClockDivision                     0x08007343   Thumb Code    18  stm32f10x_tim.o(.text)
    TIM_GetCapture1                          0x08007355   Thumb Code     6  stm32f10x_tim.o(.text)
    TIM_GetCapture2                          0x0800735b   Thumb Code     6  stm32f10x_tim.o(.text)
    TIM_GetCapture3                          0x08007361   Thumb Code     6  stm32f10x_tim.o(.text)
    TIM_GetCapture4                          0x08007367   Thumb Code     8  stm32f10x_tim.o(.text)
    TIM_GetCounter                           0x0800736f   Thumb Code     6  stm32f10x_tim.o(.text)
    TIM_GetPrescaler                         0x08007375   Thumb Code     6  stm32f10x_tim.o(.text)
    TIM_GetFlagStatus                        0x0800737b   Thumb Code    18  stm32f10x_tim.o(.text)
    TIM_ClearFlag                            0x0800738d   Thumb Code     6  stm32f10x_tim.o(.text)
    TIM_GetITStatus                          0x08007393   Thumb Code    34  stm32f10x_tim.o(.text)
    TIM_ClearITPendingBit                    0x080073b5   Thumb Code     6  stm32f10x_tim.o(.text)
    mktime                                   0x080073bd   Thumb Code   120  gizwits_product.o(.text)
    gizwitsEventProcess                      0x08007435   Thumb Code  2128  gizwits_product.o(.text)
    gizGetTimerCount                         0x08007c85   Thumb Code     6  gizwits_product.o(.text)
    userHandle                               0x08007c8b   Thumb Code   342  gizwits_product.o(.text)
    userInit                                 0x08007de1   Thumb Code    40  gizwits_product.o(.text)
    gizTimerMs                               0x08007e09   Thumb Code    12  gizwits_product.o(.text)
    mcuRestart                               0x08007e15   Thumb Code    38  gizwits_product.o(.text)
    TIMER_IRQ_FUN                            0x08007e3b   Thumb Code     8  gizwits_product.o(.text)
    UART_IRQ_FUN                             0x08007e43   Thumb Code    16  gizwits_product.o(.text)
    uartWrite                                0x08007e53   Thumb Code    82  gizwits_product.o(.text)
    gizPutData                               0x08007fe9   Thumb Code    52  gizwits_protocol.o(.text)
    gizwitsInit                              0x08009f23   Thumb Code    46  gizwits_protocol.o(.text)
    gizwitsSetMode                           0x08009f51   Thumb Code   920  gizwits_protocol.o(.text)
    gizwitsGetNTP                            0x0800a2e9   Thumb Code    94  gizwits_protocol.o(.text)
    gizwitsGetModuleInfo                     0x0800a347   Thumb Code   100  gizwits_protocol.o(.text)
    gizwitsHandle                            0x0800a3ef   Thumb Code   540  gizwits_protocol.o(.text)
    gizwitsPassthroughData                   0x0800a60b   Thumb Code   538  gizwits_protocol.o(.text)
    gizProtocolSum                           0x0800a829   Thumb Code    38  common.o(.text)
    exchangeBytes                            0x0800a84f   Thumb Code    26  common.o(.text)
    exchangeWord                             0x0800a869   Thumb Code    26  common.o(.text)
    char2hex                                 0x0800a883   Thumb Code   106  common.o(.text)
    checkStringIsNotZero                     0x0800a8ed   Thumb Code    46  common.o(.text)
    returnWeekDay                            0x0800a91b   Thumb Code   156  common.o(.text)
    returnNtp2Wt                             0x0800aa03   Thumb Code   274  common.o(.text)
    str2Hex                                  0x0800ab15   Thumb Code    80  common.o(.text)
    hex2Str                                  0x0800ab65   Thumb Code    82  common.o(.text)
    gizByteOrderExchange                     0x0800abc1   Thumb Code    50  datapointtools.o(.text)
    gizY2X                                   0x0800abf3   Thumb Code    14  datapointtools.o(.text)
    gizX2Y                                   0x0800ac01   Thumb Code    12  datapointtools.o(.text)
    gizY2XFloat                              0x0800ac0d   Thumb Code    42  datapointtools.o(.text)
    gizX2YFloat                              0x0800ac37   Thumb Code    42  datapointtools.o(.text)
    gizAcrossByteJudge                       0x0800ac61   Thumb Code    42  datapointtools.o(.text)
    gizVarlenCompressValue                   0x0800ac8b   Thumb Code   124  datapointtools.o(.text)
    gizVarlenDecompressionValue              0x0800ad07   Thumb Code   196  datapointtools.o(.text)
    gizStandardDecompressionValue            0x0800adcb   Thumb Code   194  datapointtools.o(.text)
    gizStandardCompressValue                 0x0800ae8d   Thumb Code   128  datapointtools.o(.text)
    rbCreate                                 0x0800af0d   Thumb Code    22  ringbuffer.o(.text)
    rbDelete                                 0x0800af23   Thumb Code    24  ringbuffer.o(.text)
    rbCapacity                               0x0800af3b   Thumb Code    14  ringbuffer.o(.text)
    rbCanRead                                0x0800af49   Thumb Code    56  ringbuffer.o(.text)
    rbCanWrite                               0x0800af81   Thumb Code    30  ringbuffer.o(.text)
    rbRead                                   0x0800af9f   Thumb Code   162  ringbuffer.o(.text)
    rbWrite                                  0x0800b041   Thumb Code   154  ringbuffer.o(.text)
    __use_no_semihosting                     0x0800b0db   Thumb Code     2  use_no_semi_2.o(.text)
    toupper                                  0x0800b0dd   Thumb Code    30  toupper.o(.text)
    __c89vsprintf                            0x0800b0fd   Thumb Code    32  c89vsprintf.o(.text)
    __2printf                                0x0800b121   Thumb Code    20  __2printf.o(.text)
    __2sprintf                               0x0800b139   Thumb Code    38  __2sprintf.o(.text)
    _printf_pre_padding                      0x0800b165   Thumb Code    44  _printf_pad.o(.text)
    _printf_post_padding                     0x0800b191   Thumb Code    34  _printf_pad.o(.text)
    _printf_str                              0x0800b1b3   Thumb Code    82  _printf_str.o(.text)
    _printf_int_dec                          0x0800b205   Thumb Code   104  _printf_dec.o(.text)
    _printf_longlong_hex                     0x0800b27d   Thumb Code    86  _printf_hex_int_ll_ptr.o(.text)
    _printf_int_hex                          0x0800b2d3   Thumb Code    28  _printf_hex_int_ll_ptr.o(.text)
    _printf_ll_hex                           0x0800b2ef   Thumb Code    12  _printf_hex_int_ll_ptr.o(.text)
    _printf_hex_ptr                          0x0800b2fb   Thumb Code    18  _printf_hex_int_ll_ptr.o(.text)
    __printf                                 0x0800b311   Thumb Code   388  __printf_flags_ss_wp.o(.text)
    strstr                                   0x0800b499   Thumb Code    36  strstr.o(.text)
    strlen                                   0x0800b4bd   Thumb Code    62  strlen.o(.text)
    __aeabi_memcpy                           0x0800b4fb   Thumb Code     0  rt_memcpy_v6.o(.text)
    __rt_memcpy                              0x0800b4fb   Thumb Code   138  rt_memcpy_v6.o(.text)
    _memcpy_lastbytes                        0x0800b561   Thumb Code     0  rt_memcpy_v6.o(.text)
    __aeabi_memcpy4                          0x0800b585   Thumb Code     0  rt_memcpy_w.o(.text)
    __aeabi_memcpy8                          0x0800b585   Thumb Code     0  rt_memcpy_w.o(.text)
    __rt_memcpy_w                            0x0800b585   Thumb Code   100  rt_memcpy_w.o(.text)
    _memcpy_lastbytes_aligned                0x0800b5cd   Thumb Code     0  rt_memcpy_w.o(.text)
    __aeabi_memclr                           0x0800b5e9   Thumb Code     0  rt_memclr.o(.text)
    __rt_memclr                              0x0800b5e9   Thumb Code    68  rt_memclr.o(.text)
    _memset                                  0x0800b5ed   Thumb Code     0  rt_memclr.o(.text)
    __use_two_region_memory                  0x0800b62d   Thumb Code     2  heapauxi.o(.text)
    __rt_heap_escrow$2region                 0x0800b62f   Thumb Code     2  heapauxi.o(.text)
    __rt_heap_expand$2region                 0x0800b631   Thumb Code     2  heapauxi.o(.text)
    __I$use$semihosting                      0x0800b633   Thumb Code     0  use_no_semi.o(.text)
    __use_no_semihosting_swi                 0x0800b633   Thumb Code     2  use_no_semi.o(.text)
    __rt_ctype_table                         0x0800b635   Thumb Code    16  rt_ctype_table.o(.text)
    _printf_truncate_signed                  0x0800b645   Thumb Code    18  _printf_truncate.o(.text)
    _printf_truncate_unsigned                0x0800b657   Thumb Code    18  _printf_truncate.o(.text)
    _printf_int_common                       0x0800b669   Thumb Code   178  _printf_intcommon.o(.text)
    _printf_charcount                        0x0800b71b   Thumb Code    40  _printf_charcount.o(.text)
    _printf_char_common                      0x0800b74f   Thumb Code    32  _printf_char_common.o(.text)
    _sputc                                   0x0800b775   Thumb Code    10  _sputc.o(.text)
    _printf_cs_common                        0x0800b77f   Thumb Code    20  _printf_char.o(.text)
    _printf_char                             0x0800b793   Thumb Code    16  _printf_char.o(.text)
    _printf_string                           0x0800b7a3   Thumb Code     8  _printf_char.o(.text)
    _printf_char_file                        0x0800b7ad   Thumb Code    32  _printf_char_file.o(.text)
    _printf_wctomb                           0x0800b7d1   Thumb Code   182  _printf_wctomb.o(.text)
    _printf_longlong_dec                     0x0800b88d   Thumb Code   108  _printf_longlong_dec.o(.text)
    _printf_longlong_oct                     0x0800b909   Thumb Code    66  _printf_oct_int_ll.o(.text)
    _printf_int_oct                          0x0800b94b   Thumb Code    24  _printf_oct_int_ll.o(.text)
    _printf_ll_oct                           0x0800b963   Thumb Code    12  _printf_oct_int_ll.o(.text)
    __aeabi_memclr4                          0x0800b979   Thumb Code     0  rt_memclr_w.o(.text)
    __aeabi_memclr8                          0x0800b979   Thumb Code     0  rt_memclr_w.o(.text)
    __rt_memclr_w                            0x0800b979   Thumb Code    78  rt_memclr_w.o(.text)
    _memset_w                                0x0800b97d   Thumb Code     0  rt_memclr_w.o(.text)
    __rt_locale                              0x0800b9c9   Thumb Code     8  rt_locale_intlibspace.o(.text)
    _ll_udiv10                               0x0800b9d1   Thumb Code   138  lludiv10.o(.text)
    __lib_sel_fp_printf                      0x0800ba5b   Thumb Code     2  _printf_fp_dec.o(.text)
    _printf_fp_dec_real                      0x0800bc09   Thumb Code   620  _printf_fp_dec.o(.text)
    _printf_lcs_common                       0x0800be75   Thumb Code    20  _printf_wchar.o(.text)
    _printf_wchar                            0x0800be89   Thumb Code    16  _printf_wchar.o(.text)
    _printf_wstring                          0x0800be99   Thumb Code     8  _printf_wchar.o(.text)
    ferror                                   0x0800bea1   Thumb Code     8  ferror.o(.text)
    _wcrtomb                                 0x0800bea9   Thumb Code    64  _wcrtomb.o(.text)
    __user_libspace                          0x0800bee9   Thumb Code     8  libspace.o(.text)
    __user_perproc_libspace                  0x0800bee9   Thumb Code     0  libspace.o(.text)
    __user_perthread_libspace                0x0800bee9   Thumb Code     0  libspace.o(.text)
    __user_setup_stackheap                   0x0800bef1   Thumb Code    74  sys_stackheap_outer.o(.text)
    _printf_fp_infnan                        0x0800bf3d   Thumb Code   112  _printf_fp_infnan.o(.text)
    _btod_etento                             0x0800bfbd   Thumb Code   216  bigflt0.o(.text)
    exit                                     0x0800c099   Thumb Code    18  exit.o(.text)
    strcmp                                   0x0800c0ad   Thumb Code   128  strcmpv7m.o(.text)
    _btod_d2e                                0x0800c12d   Thumb Code    62  btod.o(CL$$btod_d2e)
    _d2e_denorm_low                          0x0800c16b   Thumb Code    70  btod.o(CL$$btod_d2e_denorm_low)
    _d2e_norm_op1                            0x0800c1b1   Thumb Code    96  btod.o(CL$$btod_d2e_norm_op1)
    __btod_div_common                        0x0800c211   Thumb Code   696  btod.o(CL$$btod_div_common)
    _e2e                                     0x0800c549   Thumb Code   198  btod.o(CL$$btod_e2e)
    _btod_ediv                               0x0800c60f   Thumb Code    40  btod.o(CL$$btod_ediv)
    _btod_emul                               0x0800c637   Thumb Code    40  btod.o(CL$$btod_emul)
    __btod_mult_common                       0x0800c65f   Thumb Code   580  btod.o(CL$$btod_mult_common)
    __ARM_fpclassify                         0x0800c8a3   Thumb Code    40  fpclassify.o(i.__ARM_fpclassify)
    _is_digit                                0x0800c8cb   Thumb Code    14  __printf_wp.o(i._is_digit)
    _get_lc_ctype                            0x0800c8d9   Thumb Code    44  lc_ctype_c.o(locale$$code)
    _get_lc_numeric                          0x0800c905   Thumb Code    44  lc_numeric_c.o(locale$$code)
    __aeabi_ddiv                             0x0800c931   Thumb Code     0  ddiv.o(x$fpl$ddiv)
    _ddiv                                    0x0800c931   Thumb Code   552  ddiv.o(x$fpl$ddiv)
    __aeabi_d2uiz                            0x0800cbe1   Thumb Code     0  dfixu.o(x$fpl$dfixu)
    _dfixu                                   0x0800cbe1   Thumb Code    90  dfixu.o(x$fpl$dfixu)
    __fpl_dnaninf                            0x0800cc3b   Thumb Code   156  dnaninf.o(x$fpl$dnaninf)
    __fpl_dretinf                            0x0800ccd7   Thumb Code    12  dretinf.o(x$fpl$dretinf)
    __aeabi_f2d                              0x0800cce5   Thumb Code     0  f2d.o(x$fpl$f2d)
    _f2d                                     0x0800cce5   Thumb Code    86  f2d.o(x$fpl$f2d)
    __aeabi_fadd                             0x0800cd3d   Thumb Code     0  faddsub_clz.o(x$fpl$fadd)
    _fadd                                    0x0800cd3d   Thumb Code   196  faddsub_clz.o(x$fpl$fadd)
    __aeabi_fdiv                             0x0800ce01   Thumb Code     0  fdiv.o(x$fpl$fdiv)
    _fdiv                                    0x0800ce01   Thumb Code   384  fdiv.o(x$fpl$fdiv)
    __aeabi_f2uiz                            0x0800cf85   Thumb Code     0  ffixu.o(x$fpl$ffixu)
    _ffixu                                   0x0800cf85   Thumb Code    62  ffixu.o(x$fpl$ffixu)
    __aeabi_i2f                              0x0800cfc5   Thumb Code     0  fflt_clz.o(x$fpl$fflt)
    _fflt                                    0x0800cfc5   Thumb Code    48  fflt_clz.o(x$fpl$fflt)
    __aeabi_ui2f                             0x0800cff5   Thumb Code     0  fflt_clz.o(x$fpl$ffltu)
    _ffltu                                   0x0800cff5   Thumb Code    38  fflt_clz.o(x$fpl$ffltu)
    __aeabi_fmul                             0x0800d01d   Thumb Code     0  fmul.o(x$fpl$fmul)
    _fmul                                    0x0800d01d   Thumb Code   258  fmul.o(x$fpl$fmul)
    __fpl_fnaninf                            0x0800d11f   Thumb Code   140  fnaninf.o(x$fpl$fnaninf)
    __fpl_fretinf                            0x0800d1ab   Thumb Code    10  fretinf.o(x$fpl$fretinf)
    __aeabi_fsub                             0x0800d1b5   Thumb Code     0  faddsub_clz.o(x$fpl$fsub)
    _fsub                                    0x0800d1b5   Thumb Code   234  faddsub_clz.o(x$fpl$fsub)
    _printf_fp_dec                           0x0800d29f   Thumb Code     4  printf1.o(x$fpl$printf1)
    __I$use$fp                               0x0800d2a2   Number         0  usenofp.o(x$fpl$usenofp)
    keyTab                                   0x0800d2a4   Data         360  mygui.o(.constdata)
    asc16                                    0x0800d40c   Data        1521  gui.o(.constdata)
    sz32                                     0x0800d9fd   Data        1921  gui.o(.constdata)
    hz16                                     0x0800e17e   Data        1054  gui.o(.constdata)
    hz24                                     0x0800e59c   Data         814  gui.o(.constdata)
    bootLogo                                 0x0800e8ca   Data       32768  gui.o(.constdata)
    F16x16                                   0x080168ca   Data        3104  oled.o(.constdata)
    F6x8                                     0x080174ea   Data         552  oled.o(.constdata)
    F8X16                                    0x08017712   Data        1520  oled.o(.constdata)
    F16x32                                   0x08017d02   Data         704  oled.o(.constdata)
    F32x32                                   0x08017fc2   Data         384  oled.o(.constdata)
    F128x48                                  0x08018142   Data        2304  oled.o(.constdata)
    F128x64                                  0x08018a42   Data        1008  oled.o(.constdata)
    Region$$Table$$Base                      0x08018f3c   Number         0  anon$$obj.o(Region$$Table)
    Region$$Table$$Limit                     0x08018f5c   Number         0  anon$$obj.o(Region$$Table)
    __ctype                                  0x08018f69   Data           0  lc_ctype_c.o(locale$$data)
    zero                                     0x20000000   Data           3  main.o(.data)
    s6100                                    0x20000003   Data          12  main.o(.data)
    Change_T                                 0x2000000f   Data           3  main.o(.data)
    s2500                                    0x20000012   Data           3  main.o(.data)
    SystemCoreClock                          0x20000018   Data           4  system_stm32f10x.o(.data)
    AHBPrescTable                            0x2000001c   Data          16  system_stm32f10x.o(.data)
    link_time                                0x2000002c   Data           2  myconf.o(.data)
    link_flag                                0x2000002e   Data           1  myconf.o(.data)
    wifi_gizwit                              0x2000002f   Data           1  myconf.o(.data)
    DHT11_init_flag                          0x20000030   Data           1  myconf.o(.data)
    key                                      0x20000031   Data           1  myconf.o(.data)
    pt                                       0x20000032   Data           4  myconf.o(.data)
    ph                                       0x20000036   Data           4  myconf.o(.data)
    music01                                  0x2000003a   Data           6  myconf.o(.data)
    music02                                  0x20000040   Data           6  myconf.o(.data)
    music03                                  0x20000046   Data           6  myconf.o(.data)
    music04                                  0x2000004c   Data           6  myconf.o(.data)
    Lock                                     0x20000052   Data           1  myconf.o(.data)
    KEY_VALUE                                0x20000053   Data           1  key.o(.data)
    touch_flag                               0x20000054   Data           1  key.o(.data)
    touch_time                               0x20000055   Data           1  key.o(.data)
    a                                        0x20000056   Data           1  key.o(.data)
    TX_buffer_0                              0x20000057   Data           1  ws2812.o(.data)
    TX_buffer_1                              0x20000058   Data           1  ws2812.o(.data)
    TX_buffer_res                            0x20000059   Data           1  ws2812.o(.data)
    RX_buffer                                0x2000005a   Data           1  ws2812.o(.data)
    keyFun                                   0x2000005c   Data           1  mygui.o(.data)
    keyFunPt                                 0x20000060   Data           4  mygui.o(.data)
    keyFlag                                  0x20000064   Data           1  mygui.o(.data)
    time_c                                   0x20000065   Data           1  mygui.o(.data)
    time_s                                   0x20000066   Data           1  mygui.o(.data)
    flag                                     0x20000067   Data           1  mygui.o(.data)
    homework_flag                            0x20000068   Data           1  mygui.o(.data)
    posture_flag                             0x20000069   Data           1  mygui.o(.data)
    night_flag                               0x2000006a   Data           1  mygui.o(.data)
    cmd                                      0x2000006b   Data           1  mygui.o(.data)
    other1_flag                              0x2000006c   Data           1  mygui.o(.data)
    other2_flag                              0x2000006d   Data           1  mygui.o(.data)
    otherpos1                                0x2000006e   Data           1  mygui.o(.data)
    otherpos2                                0x2000006f   Data           1  mygui.o(.data)
    Led_OnOff_Change_flag                    0x20000070   Data           1  mygui.o(.data)
    valueLed_T_value_last                    0x20000071   Data           1  mygui.o(.data)
    valueLed_S_value_last                    0x20000072   Data           1  mygui.o(.data)
    night_red_last                           0x20000073   Data           1  mygui.o(.data)
    valueLed_T_tem_last                      0x20000074   Data           1  mygui.o(.data)
    valueLed_posture_last                    0x20000075   Data           1  mygui.o(.data)
    valueLed_homework_last                   0x20000076   Data           1  mygui.o(.data)
    Posture_first1_last                      0x20000077   Data           1  mygui.o(.data)
    Posture_first2_last                      0x20000078   Data           1  mygui.o(.data)
    Posture_first3_last                      0x20000079   Data           1  mygui.o(.data)
    go_gui_flag                              0x2000007a   Data           1  mygui.o(.data)
    RGBorNORMAL                              0x2000007b   Data           1  mygui.o(.data)
    R_flag                                   0x2000007c   Data           1  mygui.o(.data)
    G_flag                                   0x2000007d   Data           1  mygui.o(.data)
    B_flag                                   0x2000007e   Data           1  mygui.o(.data)
    auto_flag                                0x2000007f   Data           1  mygui.o(.data)
    distance_flag                            0x20000080   Data           1  mygui.o(.data)
    showtime_flag                            0x20000081   Data           1  mygui.o(.data)
    R_G_B                                    0x20000082   Data           3  mygui.o(.data)
    Change_T_stronge                         0x20000085   Data           3  mygui.o(.data)
    WIFI_Sign                                0x20000088   Data           4  mygui.o(.data)
    Electricity_Sign                         0x2000008c   Data           4  mygui.o(.data)
    Flashlight_Sign                          0x20000090   Data           4  mygui.o(.data)
    temperature                              0x20000094   Data           1  mygui.o(.data)
    humidity                                 0x20000095   Data           1  mygui.o(.data)
    auto_value                               0x20000096   Data           2  mygui.o(.data)
    auto_value_last                          0x20000098   Data           2  mygui.o(.data)
    tem                                      0x2000009a   Data           1  mygui.o(.data)
    USART2_RX_STA                            0x2000009c   Data           2  usart2.o(.data)
    red_flag                                 0x2000009e   Data           1  exti.o(.data)
    USART3_RX_STA                            0x200000a0   Data           2  usart3.o(.data)
    BUF                                      0x200000a4   Data           8  bh1750.o(.data)
    dis_data                                 0x200000ac   Data           4  bh1750.o(.data)
    mcy                                      0x200000b0   Data           4  bh1750.o(.data)
    __stdout                                 0x200000b8   Data           4  usart.o(.data)
    USART_RX_STA                             0x200000bc   Data           2  usart.o(.data)
    scree_close                              0x200000d8   Data           1  gizwits_product.o(.data)
    WIFI_ROUTER                              0x200000d9   Data           1  gizwits_product.o(.data)
    PTIME_FLAG                               0x200000da   Data           1  gizwits_product.o(.data)
    irLastTimer1                             0x200000dc   Data           4  gizwits_product.o(.data)
    irLastTimer2                             0x200000e0   Data           4  gizwits_product.o(.data)
    timearrge                                0x200000e4   Data           4  gizwits_product.o(.data)
    alarm_time                               0x200000e8   Data           4  gizwits_product.o(.data)
    USART2_TX_BUF                            0x20000100   Data        1024  usart2.o(.bss)
    USART2_RX_BUF                            0x20000500   Data        1024  usart2.o(.bss)
    USART3_RX_BUF                            0x20000900   Data         600  usart3.o(.bss)
    USART3_TX_BUF                            0x20000b58   Data         600  usart3.o(.bss)
    currentDataPoint                         0x20000db0   Data         117  gizwits_product.o(.bss)
    gizwitsProtocol                          0x20000e25   Data         753  gizwits_protocol.o(.bss)
    pRb                                      0x20001116   Data          16  gizwits_protocol.o(.bss)
    __libspace_start                         0x200011a4   Data          96  libspace.o(.bss)
    __temporary_stack_top$libspace           0x20001204   Data           0  libspace.o(.bss)



==============================================================================

Memory Map of the image

  Image Entry point : 0x08000131

  Load Region LR_IROM1 (Base: 0x08000000, Size: 0x00019184, Max: 0x00080000, ABSOLUTE)

    Execution Region ER_IROM1 (Base: 0x08000000, Size: 0x00019088, Max: 0x00080000, ABSOLUTE)

    Base Addr    Size         Type   Attr      Idx    E Section Name        Object

    0x08000000   0x00000130   Data   RO          912    RESET               startup_stm32f10x_hd.o
    0x08000130   0x00000008   Code   RO         1374  * !!!main             c_w.l(__main.o)
    0x08000138   0x00000034   Code   RO         1678    !!!scatter          c_w.l(__scatter.o)
    0x0800016c   0x0000001a   Code   RO         1680    !!handler_copy      c_w.l(__scatter_copy.o)
    0x08000186   0x00000002   PAD
    0x08000188   0x0000001c   Code   RO         1682    !!handler_zi        c_w.l(__scatter_zi.o)
    0x080001a4   0x00000000   Code   RO         1361    .ARM.Collect$$_printf_percent$$00000000  c_w.l(_printf_percent.o)
    0x080001a4   0x00000006   Code   RO         1439    .ARM.Collect$$_printf_percent$$00000001  c_w.l(_printf_n.o)
    0x080001aa   0x00000006   Code   RO         1440    .ARM.Collect$$_printf_percent$$00000002  c_w.l(_printf_p.o)
    0x080001b0   0x00000006   Code   RO         1443    .ARM.Collect$$_printf_percent$$00000003  c_w.l(_printf_f.o)
    0x080001b6   0x00000006   Code   RO         1444    .ARM.Collect$$_printf_percent$$00000004  c_w.l(_printf_e.o)
    0x080001bc   0x00000006   Code   RO         1445    .ARM.Collect$$_printf_percent$$00000005  c_w.l(_printf_g.o)
    0x080001c2   0x00000006   Code   RO         1446    .ARM.Collect$$_printf_percent$$00000006  c_w.l(_printf_a.o)
    0x080001c8   0x0000000a   Code   RO         1451    .ARM.Collect$$_printf_percent$$00000007  c_w.l(_printf_ll.o)
    0x080001d2   0x00000006   Code   RO         1442    .ARM.Collect$$_printf_percent$$00000008  c_w.l(_printf_i.o)
    0x080001d8   0x00000006   Code   RO         1359    .ARM.Collect$$_printf_percent$$00000009  c_w.l(_printf_d.o)
    0x080001de   0x00000006   Code   RO         1360    .ARM.Collect$$_printf_percent$$0000000A  c_w.l(_printf_u.o)
    0x080001e4   0x00000006   Code   RO         1441    .ARM.Collect$$_printf_percent$$0000000B  c_w.l(_printf_o.o)
    0x080001ea   0x00000006   Code   RO         1358    .ARM.Collect$$_printf_percent$$0000000C  c_w.l(_printf_x.o)
    0x080001f0   0x00000006   Code   RO         1448    .ARM.Collect$$_printf_percent$$0000000D  c_w.l(_printf_lli.o)
    0x080001f6   0x00000006   Code   RO         1449    .ARM.Collect$$_printf_percent$$0000000E  c_w.l(_printf_lld.o)
    0x080001fc   0x00000006   Code   RO         1450    .ARM.Collect$$_printf_percent$$0000000F  c_w.l(_printf_llu.o)
    0x08000202   0x00000006   Code   RO         1455    .ARM.Collect$$_printf_percent$$00000010  c_w.l(_printf_llo.o)
    0x08000208   0x00000006   Code   RO         1456    .ARM.Collect$$_printf_percent$$00000011  c_w.l(_printf_llx.o)
    0x0800020e   0x0000000a   Code   RO         1452    .ARM.Collect$$_printf_percent$$00000012  c_w.l(_printf_l.o)
    0x08000218   0x00000006   Code   RO         1438    .ARM.Collect$$_printf_percent$$00000013  c_w.l(_printf_c.o)
    0x0800021e   0x00000006   Code   RO         1357    .ARM.Collect$$_printf_percent$$00000014  c_w.l(_printf_s.o)
    0x08000224   0x00000006   Code   RO         1453    .ARM.Collect$$_printf_percent$$00000015  c_w.l(_printf_lc.o)
    0x0800022a   0x00000006   Code   RO         1454    .ARM.Collect$$_printf_percent$$00000016  c_w.l(_printf_ls.o)
    0x08000230   0x00000004   Code   RO         1447    .ARM.Collect$$_printf_percent$$00000017  c_w.l(_printf_percent_end.o)
    0x08000234   0x00000002   Code   RO         1551    .ARM.Collect$$libinit$$00000000  c_w.l(libinit.o)
    0x08000236   0x00000000   Code   RO         1553    .ARM.Collect$$libinit$$00000002  c_w.l(libinit2.o)
    0x08000236   0x00000000   Code   RO         1555    .ARM.Collect$$libinit$$00000004  c_w.l(libinit2.o)
    0x08000236   0x00000000   Code   RO         1558    .ARM.Collect$$libinit$$0000000A  c_w.l(libinit2.o)
    0x08000236   0x00000000   Code   RO         1560    .ARM.Collect$$libinit$$0000000C  c_w.l(libinit2.o)
    0x08000236   0x00000000   Code   RO         1562    .ARM.Collect$$libinit$$0000000E  c_w.l(libinit2.o)
    0x08000236   0x00000006   Code   RO         1563    .ARM.Collect$$libinit$$0000000F  c_w.l(libinit2.o)
    0x0800023c   0x00000000   Code   RO         1565    .ARM.Collect$$libinit$$00000011  c_w.l(libinit2.o)
    0x0800023c   0x0000000c   Code   RO         1566    .ARM.Collect$$libinit$$00000012  c_w.l(libinit2.o)
    0x08000248   0x00000000   Code   RO         1567    .ARM.Collect$$libinit$$00000013  c_w.l(libinit2.o)
    0x08000248   0x00000000   Code   RO         1569    .ARM.Collect$$libinit$$00000015  c_w.l(libinit2.o)
    0x08000248   0x0000000a   Code   RO         1570    .ARM.Collect$$libinit$$00000016  c_w.l(libinit2.o)
    0x08000252   0x00000000   Code   RO         1571    .ARM.Collect$$libinit$$00000017  c_w.l(libinit2.o)
    0x08000252   0x00000000   Code   RO         1573    .ARM.Collect$$libinit$$00000019  c_w.l(libinit2.o)
    0x08000252   0x00000000   Code   RO         1575    .ARM.Collect$$libinit$$0000001B  c_w.l(libinit2.o)
    0x08000252   0x00000000   Code   RO         1577    .ARM.Collect$$libinit$$0000001D  c_w.l(libinit2.o)
    0x08000252   0x00000000   Code   RO         1579    .ARM.Collect$$libinit$$0000001F  c_w.l(libinit2.o)
    0x08000252   0x00000000   Code   RO         1581    .ARM.Collect$$libinit$$00000021  c_w.l(libinit2.o)
    0x08000252   0x00000000   Code   RO         1583    .ARM.Collect$$libinit$$00000023  c_w.l(libinit2.o)
    0x08000252   0x00000000   Code   RO         1585    .ARM.Collect$$libinit$$00000025  c_w.l(libinit2.o)
    0x08000252   0x00000000   Code   RO         1589    .ARM.Collect$$libinit$$0000002C  c_w.l(libinit2.o)
    0x08000252   0x00000000   Code   RO         1591    .ARM.Collect$$libinit$$0000002E  c_w.l(libinit2.o)
    0x08000252   0x00000000   Code   RO         1593    .ARM.Collect$$libinit$$00000030  c_w.l(libinit2.o)
    0x08000252   0x00000000   Code   RO         1595    .ARM.Collect$$libinit$$00000032  c_w.l(libinit2.o)
    0x08000252   0x00000002   Code   RO         1596    .ARM.Collect$$libinit$$00000033  c_w.l(libinit2.o)
    0x08000254   0x00000002   Code   RO         1628    .ARM.Collect$$libshutdown$$00000000  c_w.l(libshutdown.o)
    0x08000256   0x00000000   Code   RO         1637    .ARM.Collect$$libshutdown$$00000002  c_w.l(libshutdown2.o)
    0x08000256   0x00000000   Code   RO         1639    .ARM.Collect$$libshutdown$$00000004  c_w.l(libshutdown2.o)
    0x08000256   0x00000000   Code   RO         1642    .ARM.Collect$$libshutdown$$00000007  c_w.l(libshutdown2.o)
    0x08000256   0x00000000   Code   RO         1645    .ARM.Collect$$libshutdown$$0000000A  c_w.l(libshutdown2.o)
    0x08000256   0x00000000   Code   RO         1647    .ARM.Collect$$libshutdown$$0000000C  c_w.l(libshutdown2.o)
    0x08000256   0x00000000   Code   RO         1650    .ARM.Collect$$libshutdown$$0000000F  c_w.l(libshutdown2.o)
    0x08000256   0x00000002   Code   RO         1651    .ARM.Collect$$libshutdown$$00000010  c_w.l(libshutdown2.o)
    0x08000258   0x00000000   Code   RO         1410    .ARM.Collect$$rtentry$$00000000  c_w.l(__rtentry.o)
    0x08000258   0x00000000   Code   RO         1471    .ARM.Collect$$rtentry$$00000002  c_w.l(__rtentry2.o)
    0x08000258   0x00000006   Code   RO         1483    .ARM.Collect$$rtentry$$00000004  c_w.l(__rtentry4.o)
    0x0800025e   0x00000000   Code   RO         1473    .ARM.Collect$$rtentry$$00000009  c_w.l(__rtentry2.o)
    0x0800025e   0x00000004   Code   RO         1474    .ARM.Collect$$rtentry$$0000000A  c_w.l(__rtentry2.o)
    0x08000262   0x00000000   Code   RO         1476    .ARM.Collect$$rtentry$$0000000C  c_w.l(__rtentry2.o)
    0x08000262   0x00000008   Code   RO         1477    .ARM.Collect$$rtentry$$0000000D  c_w.l(__rtentry2.o)
    0x0800026a   0x00000002   Code   RO         1601    .ARM.Collect$$rtexit$$00000000  c_w.l(rtexit.o)
    0x0800026c   0x00000000   Code   RO         1608    .ARM.Collect$$rtexit$$00000002  c_w.l(rtexit2.o)
    0x0800026c   0x00000004   Code   RO         1609    .ARM.Collect$$rtexit$$00000003  c_w.l(rtexit2.o)
    0x08000270   0x00000006   Code   RO         1610    .ARM.Collect$$rtexit$$00000004  c_w.l(rtexit2.o)
    0x08000276   0x00000002   PAD
    0x08000278   0x000001bc   Code   RO            1    .text               main.o
    0x08000434   0x0000001a   Code   RO          200    .text               stm32f10x_it.o
    0x0800044e   0x00000002   PAD
    0x08000450   0x000001e0   Code   RO          298    .text               system_stm32f10x.o
    0x08000630   0x00000860   Code   RO          316    .text               myconf.o
    0x08000e90   0x0000004c   Code   RO          340    .text               led.o
    0x08000edc   0x000001d8   Code   RO          384    .text               key.o
    0x080010b4   0x000003d8   Code   RO          505    .text               ws2812.o
    0x0800148c   0x00000264   Code   RO          531    .text               spi2.o
    0x080016f0   0x000015f4   Code   RO          546    .text               mygui.o
    0x08002ce4   0x0000027c   Code   RO          625    .text               usart2.o
    0x08002f60   0x000000b0   Code   RO          651    .text               exti.o
    0x08003010   0x00000314   Code   RO          672    .text               usart3.o
    0x08003324   0x000001cc   Code   RO          694    .text               timer.o
    0x080034f0   0x000000e8   Code   RO          707    .text               usart4.o
    0x080035d8   0x000001a0   Code   RO          744    .text               dht11.o
    0x08003778   0x000002f0   Code   RO          759    .text               bh1750.o
    0x08003a68   0x00000b88   Code   RO          777    .text               gui.o
    0x080045f0   0x00000420   Code   RO          802    .text               lcd_driver.o
    0x08004a10   0x0000073c   Code   RO          817    .text               oled.o
    0x0800514c   0x000000d4   Code   RO          836    .text               delay.o
    0x08005220   0x000000e0   Code   RO          867    .text               usart.o
    0x08005300   0x00000040   Code   RO          913    .text               startup_stm32f10x_hd.o
    0x08005340   0x000000dc   Code   RO          917    .text               misc.o
    0x0800541c   0x0000035c   Code   RO          929    .text               stm32f10x_gpio.o
    0x08005778   0x000003a4   Code   RO          941    .text               stm32f10x_rcc.o
    0x08005b1c   0x00000408   Code   RO          955    .text               stm32f10x_usart.o
    0x08005f24   0x00000254   Code   RO          967    .text               stm32f10x_dma.o
    0x08006178   0x0000030c   Code   RO          979    .text               stm32f10x_spi.o
    0x08006484   0x0000011c   Code   RO         1075    .text               stm32f10x_exti.o
    0x080065a0   0x00000e1a   Code   RO         1171    .text               stm32f10x_tim.o
    0x080073ba   0x00000002   PAD
    0x080073bc   0x00000c2c   Code   RO         1195    .text               gizwits_product.o
    0x08007fe8   0x00002840   Code   RO         1230    .text               gizwits_protocol.o
    0x0800a828   0x00000398   Code   RO         1252    .text               common.o
    0x0800abc0   0x0000034c   Code   RO         1268    .text               datapointtools.o
    0x0800af0c   0x000001ce   Code   RO         1280    .text               ringbuffer.o
    0x0800b0da   0x00000002   Code   RO         1294    .text               c_w.l(use_no_semi_2.o)
    0x0800b0dc   0x0000001e   Code   RO         1296    .text               c_w.l(toupper.o)
    0x0800b0fa   0x00000002   PAD
    0x0800b0fc   0x00000024   Code   RO         1298    .text               c_w.l(c89vsprintf.o)
    0x0800b120   0x00000018   Code   RO         1300    .text               c_w.l(__2printf.o)
    0x0800b138   0x0000002c   Code   RO         1302    .text               c_w.l(__2sprintf.o)
    0x0800b164   0x0000004e   Code   RO         1310    .text               c_w.l(_printf_pad.o)
    0x0800b1b2   0x00000052   Code   RO         1312    .text               c_w.l(_printf_str.o)
    0x0800b204   0x00000078   Code   RO         1314    .text               c_w.l(_printf_dec.o)
    0x0800b27c   0x00000094   Code   RO         1334    .text               c_w.l(_printf_hex_int_ll_ptr.o)
    0x0800b310   0x00000188   Code   RO         1354    .text               c_w.l(__printf_flags_ss_wp.o)
    0x0800b498   0x00000024   Code   RO         1362    .text               c_w.l(strstr.o)
    0x0800b4bc   0x0000003e   Code   RO         1364    .text               c_w.l(strlen.o)
    0x0800b4fa   0x0000008a   Code   RO         1366    .text               c_w.l(rt_memcpy_v6.o)
    0x0800b584   0x00000064   Code   RO         1368    .text               c_w.l(rt_memcpy_w.o)
    0x0800b5e8   0x00000044   Code   RO         1370    .text               c_w.l(rt_memclr.o)
    0x0800b62c   0x00000006   Code   RO         1372    .text               c_w.l(heapauxi.o)
    0x0800b632   0x00000002   Code   RO         1408    .text               c_w.l(use_no_semi.o)
    0x0800b634   0x00000010   Code   RO         1411    .text               c_w.l(rt_ctype_table.o)
    0x0800b644   0x00000024   Code   RO         1413    .text               c_w.l(_printf_truncate.o)
    0x0800b668   0x000000b2   Code   RO         1415    .text               c_w.l(_printf_intcommon.o)
    0x0800b71a   0x00000028   Code   RO         1417    .text               c_w.l(_printf_charcount.o)
    0x0800b742   0x00000002   PAD
    0x0800b744   0x00000030   Code   RO         1419    .text               c_w.l(_printf_char_common.o)
    0x0800b774   0x0000000a   Code   RO         1421    .text               c_w.l(_sputc.o)
    0x0800b77e   0x0000002c   Code   RO         1423    .text               c_w.l(_printf_char.o)
    0x0800b7aa   0x00000002   PAD
    0x0800b7ac   0x00000024   Code   RO         1425    .text               c_w.l(_printf_char_file.o)
    0x0800b7d0   0x000000bc   Code   RO         1427    .text               c_w.l(_printf_wctomb.o)
    0x0800b88c   0x0000007c   Code   RO         1430    .text               c_w.l(_printf_longlong_dec.o)
    0x0800b908   0x00000070   Code   RO         1436    .text               c_w.l(_printf_oct_int_ll.o)
    0x0800b978   0x0000004e   Code   RO         1457    .text               c_w.l(rt_memclr_w.o)
    0x0800b9c6   0x00000002   PAD
    0x0800b9c8   0x00000008   Code   RO         1488    .text               c_w.l(rt_locale_intlibspace.o)
    0x0800b9d0   0x0000008a   Code   RO         1490    .text               c_w.l(lludiv10.o)
    0x0800ba5a   0x0000041a   Code   RO         1492    .text               c_w.l(_printf_fp_dec.o)
    0x0800be74   0x0000002c   Code   RO         1496    .text               c_w.l(_printf_wchar.o)
    0x0800bea0   0x00000008   Code   RO         1498    .text               c_w.l(ferror.o)
    0x0800bea8   0x00000040   Code   RO         1502    .text               c_w.l(_wcrtomb.o)
    0x0800bee8   0x00000008   Code   RO         1507    .text               c_w.l(libspace.o)
    0x0800bef0   0x0000004a   Code   RO         1510    .text               c_w.l(sys_stackheap_outer.o)
    0x0800bf3a   0x00000002   PAD
    0x0800bf3c   0x00000080   Code   RO         1512    .text               c_w.l(_printf_fp_infnan.o)
    0x0800bfbc   0x000000dc   Code   RO         1514    .text               c_w.l(bigflt0.o)
    0x0800c098   0x00000012   Code   RO         1542    .text               c_w.l(exit.o)
    0x0800c0aa   0x00000002   PAD
    0x0800c0ac   0x00000080   Code   RO         1544    .text               c_w.l(strcmpv7m.o)
    0x0800c12c   0x0000003e   Code   RO         1517    CL$$btod_d2e        c_w.l(btod.o)
    0x0800c16a   0x00000046   Code   RO         1519    CL$$btod_d2e_denorm_low  c_w.l(btod.o)
    0x0800c1b0   0x00000060   Code   RO         1518    CL$$btod_d2e_norm_op1  c_w.l(btod.o)
    0x0800c210   0x00000338   Code   RO         1527    CL$$btod_div_common  c_w.l(btod.o)
    0x0800c548   0x000000c6   Code   RO         1524    CL$$btod_e2e        c_w.l(btod.o)
    0x0800c60e   0x00000028   Code   RO         1521    CL$$btod_ediv       c_w.l(btod.o)
    0x0800c636   0x00000028   Code   RO         1520    CL$$btod_emul       c_w.l(btod.o)
    0x0800c65e   0x00000244   Code   RO         1526    CL$$btod_mult_common  c_w.l(btod.o)
    0x0800c8a2   0x00000028   Code   RO         1599    i.__ARM_fpclassify  m_ws.l(fpclassify.o)
    0x0800c8ca   0x0000000e   Code   RO         1347    i._is_digit         c_w.l(__printf_wp.o)
    0x0800c8d8   0x0000002c   Code   RO         1505    locale$$code        c_w.l(lc_ctype_c.o)
    0x0800c904   0x0000002c   Code   RO         1540    locale$$code        c_w.l(lc_numeric_c.o)
    0x0800c930   0x000002b0   Code   RO         1377    x$fpl$ddiv          fz_ws.l(ddiv.o)
    0x0800cbe0   0x0000005a   Code   RO         1380    x$fpl$dfixu         fz_ws.l(dfixu.o)
    0x0800cc3a   0x0000009c   Code   RO         1459    x$fpl$dnaninf       fz_ws.l(dnaninf.o)
    0x0800ccd6   0x0000000c   Code   RO         1461    x$fpl$dretinf       fz_ws.l(dretinf.o)
    0x0800cce2   0x00000002   PAD
    0x0800cce4   0x00000056   Code   RO         1384    x$fpl$f2d           fz_ws.l(f2d.o)
    0x0800cd3a   0x00000002   PAD
    0x0800cd3c   0x000000c4   Code   RO         1386    x$fpl$fadd          fz_ws.l(faddsub_clz.o)
    0x0800ce00   0x00000184   Code   RO         1393    x$fpl$fdiv          fz_ws.l(fdiv.o)
    0x0800cf84   0x0000003e   Code   RO         1396    x$fpl$ffixu         fz_ws.l(ffixu.o)
    0x0800cfc2   0x00000002   PAD
    0x0800cfc4   0x00000030   Code   RO         1401    x$fpl$fflt          fz_ws.l(fflt_clz.o)
    0x0800cff4   0x00000026   Code   RO         1400    x$fpl$ffltu         fz_ws.l(fflt_clz.o)
    0x0800d01a   0x00000002   PAD
    0x0800d01c   0x00000102   Code   RO         1406    x$fpl$fmul          fz_ws.l(fmul.o)
    0x0800d11e   0x0000008c   Code   RO         1463    x$fpl$fnaninf       fz_ws.l(fnaninf.o)
    0x0800d1aa   0x0000000a   Code   RO         1465    x$fpl$fretinf       fz_ws.l(fretinf.o)
    0x0800d1b4   0x000000ea   Code   RO         1388    x$fpl$fsub          fz_ws.l(faddsub_clz.o)
    0x0800d29e   0x00000004   Code   RO         1467    x$fpl$printf1       fz_ws.l(printf1.o)
    0x0800d2a2   0x00000000   Code   RO         1469    x$fpl$usenofp       fz_ws.l(usenofp.o)
    0x0800d2a2   0x00000002   PAD
    0x0800d2a4   0x00000168   Data   RO          547    .constdata          mygui.o
    0x0800d40c   0x000094be   Data   RO          778    .constdata          gui.o
    0x080168ca   0x00002568   Data   RO          818    .constdata          oled.o
    0x08018e32   0x00000002   PAD
    0x08018e34   0x00000030   Data   RO         1254    .constdata          common.o
    0x08018e64   0x00000028   Data   RO         1335    .constdata          c_w.l(_printf_hex_int_ll_ptr.o)
    0x08018e8c   0x00000011   Data   RO         1355    .constdata          c_w.l(__printf_flags_ss_wp.o)
    0x08018e9d   0x00000003   PAD
    0x08018ea0   0x00000008   Data   RO         1428    .constdata          c_w.l(_printf_wctomb.o)
    0x08018ea8   0x00000094   Data   RO         1515    .constdata          c_w.l(bigflt0.o)
    0x08018f3c   0x00000020   Data   RO         1676    Region$$Table       anon$$obj.o
    0x08018f5c   0x00000110   Data   RO         1504    locale$$data        c_w.l(lc_ctype_c.o)
    0x0801906c   0x0000001c   Data   RO         1539    locale$$data        c_w.l(lc_numeric_c.o)


    Execution Region RW_IRAM1 (Base: 0x20000000, Size: 0x00001808, Max: 0x00010000, ABSOLUTE)

    Base Addr    Size         Type   Attr      Idx    E Section Name        Object

    0x20000000   0x00000015   Data   RW            2    .data               main.o
    0x20000015   0x00000003   PAD
    0x20000018   0x00000014   Data   RW          299    .data               system_stm32f10x.o
    0x2000002c   0x00000027   Data   RW          317    .data               myconf.o
    0x20000053   0x00000004   Data   RW          385    .data               key.o
    0x20000057   0x00000004   Data   RW          506    .data               ws2812.o
    0x2000005b   0x00000001   PAD
    0x2000005c   0x0000003f   Data   RW          548    .data               mygui.o
    0x2000009b   0x00000001   PAD
    0x2000009c   0x00000002   Data   RW          627    .data               usart2.o
    0x2000009e   0x00000001   Data   RW          652    .data               exti.o
    0x2000009f   0x00000001   PAD
    0x200000a0   0x00000002   Data   RW          674    .data               usart3.o
    0x200000a2   0x00000002   PAD
    0x200000a4   0x00000010   Data   RW          760    .data               bh1750.o
    0x200000b4   0x00000004   Data   RW          837    .data               delay.o
    0x200000b8   0x00000006   Data   RW          869    .data               usart.o
    0x200000be   0x00000014   Data   RW          942    .data               stm32f10x_rcc.o
    0x200000d2   0x00000002   PAD
    0x200000d4   0x00000018   Data   RW         1197    .data               gizwits_product.o
    0x200000ec   0x00000010   Data   RW         1232    .data               gizwits_protocol.o
    0x200000fc   0x00000004   PAD
    0x20000100   0x00000800   Zero   RW          626    .bss                usart2.o
    0x20000900   0x000004b0   Zero   RW          673    .bss                usart3.o
    0x20000db0   0x00000075   Zero   RW         1196    .bss                gizwits_product.o
    0x20000e25   0x0000037d   Zero   RW         1231    .bss                gizwits_protocol.o
    0x200011a2   0x00000002   PAD
    0x200011a4   0x00000060   Zero   RW         1508    .bss                c_w.l(libspace.o)
    0x20001204   0x00000004   PAD
    0x20001208   0x00000200   Zero   RW          911    HEAP                startup_stm32f10x_hd.o
    0x20001408   0x00000400   Zero   RW          910    STACK               startup_stm32f10x_hd.o


==============================================================================

Image component sizes


      Code (inc. data)   RO Data    RW Data    ZI Data      Debug   Object Name

       752         20          0         16          0       3452   bh1750.o
       920         10         48          0          0       4321   common.o
       844          0          0          0          0       5450   datapointtools.o
       212         18          0          4          0       1087   delay.o
       416         12          0          0          0       2242   dht11.o
       176         24          0          1          0       1138   exti.o
      3116       1180          0         24        117      32835   gizwits_product.o
     10304       2966          0         16        893      13602   gizwits_protocol.o
      2952         42      38078          0          0       7805   gui.o
       472         30          0          4          0     237080   key.o
      1056          4          0          0          0       3465   lcd_driver.o
        76          8          0          0          0     207531   led.o
       444        292          0         21          0     269043   main.o
       220         22          0          0          0       1841   misc.o
      2144        748          0         39          0       3503   myconf.o
      5620       1666        360         63          0       7002   mygui.o
      1852         36       9576          0          0       7358   oled.o
       462          0          0          0          0       2703   ringbuffer.o
       612         14          0          0          0       2302   spi2.o
        64         26        304          0       1536        808   startup_stm32f10x_hd.o
       596          8          0          0          0       4406   stm32f10x_dma.o
       284         10          0          0          0       2299   stm32f10x_exti.o
       860         38          0          0          0       5777   stm32f10x_gpio.o
        26          0          0          0          0      61586   stm32f10x_it.o
       932         36          0         20          0       8980   stm32f10x_rcc.o
       780         14          0          0          0       6658   stm32f10x_spi.o
      3610         88          0          0          0      22884   stm32f10x_tim.o
      1032         22          0          0          0       8500   stm32f10x_usart.o
         0          0          0          0          0         32   sys.o
       480         38          0         20          0       1803   system_stm32f10x.o
       460         32          0          0          0       1768   timer.o
       224         10          0          6          0      17038   usart.o
       636         30          0          2       2048       3789   usart2.o
       788         72          0          2       1200       3754   usart3.o
       232          8          0          0          0       1408   usart4.o
       984         48          0          4          0       4453   ws2812.o

    ----------------------------------------------------------------------
     44642       7572      48400        252       5800     969703   Object Totals
         0          0         32          0          0          0   (incl. Generated)
         4          0          2         10          6          0   (incl. Padding)

    ----------------------------------------------------------------------

      Code (inc. data)   RO Data    RW Data    ZI Data      Debug   Library Member Name

        24          4          0          0          0         84   __2printf.o
        44          6          0          0          0         84   __2sprintf.o
         8          0          0          0          0         68   __main.o
       392          4         17          0          0         92   __printf_flags_ss_wp.o
        14          0          0          0          0         68   __printf_wp.o
         0          0          0          0          0          0   __rtentry.o
        12          0          0          0          0          0   __rtentry2.o
         6          0          0          0          0          0   __rtentry4.o
        52          8          0          0          0          0   __scatter.o
        26          0          0          0          0          0   __scatter_copy.o
        28          0          0          0          0          0   __scatter_zi.o
         6          0          0          0          0          0   _printf_a.o
         6          0          0          0          0          0   _printf_c.o
        44          0          0          0          0        108   _printf_char.o
        48          6          0          0          0         96   _printf_char_common.o
        36          4          0          0          0         80   _printf_char_file.o
        40          0          0          0          0         68   _printf_charcount.o
         6          0          0          0          0          0   _printf_d.o
       120         16          0          0          0         92   _printf_dec.o
         6          0          0          0          0          0   _printf_e.o
         6          0          0          0          0          0   _printf_f.o
      1050          0          0          0          0        216   _printf_fp_dec.o
       128         16          0          0          0         84   _printf_fp_infnan.o
         6          0          0          0          0          0   _printf_g.o
       148          4         40          0          0        160   _printf_hex_int_ll_ptr.o
         6          0          0          0          0          0   _printf_i.o
       178          0          0          0          0         88   _printf_intcommon.o
        10          0          0          0          0          0   _printf_l.o
         6          0          0          0          0          0   _printf_lc.o
        10          0          0          0          0          0   _printf_ll.o
         6          0          0          0          0          0   _printf_lld.o
         6          0          0          0          0          0   _printf_lli.o
         6          0          0          0          0          0   _printf_llo.o
         6          0          0          0          0          0   _printf_llu.o
         6          0          0          0          0          0   _printf_llx.o
       124         16          0          0          0         92   _printf_longlong_dec.o
         6          0          0          0          0          0   _printf_ls.o
         6          0          0          0          0          0   _printf_n.o
         6          0          0          0          0          0   _printf_o.o
       112         10          0          0          0        124   _printf_oct_int_ll.o
         6          0          0          0          0          0   _printf_p.o
        78          0          0          0          0        108   _printf_pad.o
         0          0          0          0          0          0   _printf_percent.o
         4          0          0          0          0          0   _printf_percent_end.o
         6          0          0          0          0          0   _printf_s.o
        82          0          0          0          0         80   _printf_str.o
        36          0          0          0          0         84   _printf_truncate.o
         6          0          0          0          0          0   _printf_u.o
        44          0          0          0          0        108   _printf_wchar.o
       188          6          8          0          0         92   _printf_wctomb.o
         6          0          0          0          0          0   _printf_x.o
        10          0          0          0          0         68   _sputc.o
        64          0          0          0          0         92   _wcrtomb.o
       220          4        148          0          0         96   bigflt0.o
      1910        128          0          0          0        672   btod.o
        36          4          0          0          0         76   c89vsprintf.o
        18          0          0          0          0         80   exit.o
         8          0          0          0          0         68   ferror.o
         6          0          0          0          0        152   heapauxi.o
        44         10        272          0          0         76   lc_ctype_c.o
        44         10         28          0          0         76   lc_numeric_c.o
         2          0          0          0          0          0   libinit.o
        30          0          0          0          0          0   libinit2.o
         2          0          0          0          0          0   libshutdown.o
         2          0          0          0          0          0   libshutdown2.o
         8          4          0          0         96         68   libspace.o
       138          0          0          0          0         80   lludiv10.o
        16          4          0          0          0         76   rt_ctype_table.o
         8          4          0          0          0         68   rt_locale_intlibspace.o
        68          0          0          0          0         68   rt_memclr.o
        78          0          0          0          0         80   rt_memclr_w.o
       138          0          0          0          0         68   rt_memcpy_v6.o
       100          0          0          0          0         80   rt_memcpy_w.o
         2          0          0          0          0          0   rtexit.o
        10          0          0          0          0          0   rtexit2.o
       128          0          0          0          0         68   strcmpv7m.o
        62          0          0          0          0         76   strlen.o
        36          0          0          0          0         80   strstr.o
        74          0          0          0          0         80   sys_stackheap_outer.o
        30          0          0          0          0         76   toupper.o
         2          0          0          0          0         68   use_no_semi.o
         2          0          0          0          0         68   use_no_semi_2.o
       688        140          0          0          0        208   ddiv.o
        90          4          0          0          0         92   dfixu.o
       156          4          0          0          0         92   dnaninf.o
        12          0          0          0          0         68   dretinf.o
        86          4          0          0          0         84   f2d.o
       430          8          0          0          0        168   faddsub_clz.o
       388         76          0          0          0         96   fdiv.o
        62          4          0          0          0         84   ffixu.o
        86          0          0          0          0        136   fflt_clz.o
       258          4          0          0          0         84   fmul.o
       140          4          0          0          0         84   fnaninf.o
        10          0          0          0          0         68   fretinf.o
         4          0          0          0          0         68   printf1.o
         0          0          0          0          0          0   usenofp.o
        40          0          0          0          0         68   fpclassify.o

    ----------------------------------------------------------------------
      8978        516        516          0        100       6036   Library Totals
        26          0          3          0          4          0   (incl. Padding)

    ----------------------------------------------------------------------

      Code (inc. data)   RO Data    RW Data    ZI Data      Debug   Library Name

      6502        268        513          0         96       4636   c_w.l
      2410        248          0          0          0       1332   fz_ws.l
        40          0          0          0          0         68   m_ws.l

    ----------------------------------------------------------------------
      8978        516        516          0        100       6036   Library Totals

    ----------------------------------------------------------------------

==============================================================================


      Code (inc. data)   RO Data    RW Data    ZI Data      Debug   

     53620       8088      48916        252       5900     969547   Grand Totals
     53620       8088      48916        252       5900     969547   ELF Image Totals
     53620       8088      48916        252          0          0   ROM Totals

==============================================================================

    Total RO  Size (Code + RO Data)               102536 ( 100.13kB)
    Total RW  Size (RW Data + ZI Data)              6152 (   6.01kB)
    Total ROM Size (Code + RO Data + RW Data)     102788 ( 100.38kB)

==============================================================================

